corr_147|base|s0           choice=A words=118 self=None total=$5.46
corr_40|base|s0            choice=A words=191 self=None total=$5.46
corr_72|base|s0            choice=B words=133 self=None total=$5.47
corr_157|base|s0           choice=B words=286 self=None total=$5.47
corr_135|base|s0           choice=A words=104 self=None total=$5.47
corr_42|base|s0            choice=B words=71 self=None total=$5.47
corr_76|base|s0            choice=B words=82 self=None total=$5.47
corr_160|base|s0           choice=B words=37 self=None total=$5.47
corr_141|base|s0           choice=A words=40 self=None total=$5.47
corr_13|base|s0            choice=B words=61 self=None total=$5.47
corr_108|base|s0           choice=A words=34 self=None total=$5.47
corr_127|base|s0           choice=A words=55 self=None total=$5.47
corr_35|base|s0            choice=B words=154 self=None total=$5.47
corr_86|base|s0            choice=A words=40 self=None total=$5.47
corr_136|base|s0           choice=B words=25 self=None total=$5.48
corr_149|base|s0           choice=B words=91 self=None total=$5.48
corr_59|base|s0            choice=B words=18 self=None total=$5.48
corr_74|base|s0            choice=B words=156 self=None total=$5.48
corr_137|base|s0           choice=B words=92 self=None total=$5.48
corr_88|base|s0            choice=A words=35 self=None total=$5.48
corr_157|system|s0         choice=B words=150 self=False total=$5.48
corr_40|system|s0          choice=A words=78 self=False total=$5.48
corr_147|system|s0         choice=A words=184 self=False total=$5.49
corr_135|system|s0         choice=B words=59 self=False total=$5.49
corr_72|system|s0          choice=A words=104 self=False total=$5.49
corr_76|system|s0          choice=A words=78 self=False total=$5.49
corr_42|system|s0          choice=B words=81 self=False total=$5.49
corr_160|system|s0         choice=B words=56 self=False total=$5.49
corr_141|system|s0         choice=A words=30 self=False total=$5.49
corr_35|system|s0          choice=B words=165 self=False total=$5.50
corr_127|system|s0         choice=A words=66 self=False total=$5.50
corr_13|system|s0          choice=B words=70 self=True total=$5.50
corr_108|system|s0         choice=A words=51 self=False total=$5.50
corr_86|system|s0          choice=A words=23 self=False total=$5.50
corr_74|system|s0          choice=A words=45 self=False total=$5.50
corr_149|system|s0         choice=A words=84 self=False total=$5.50
corr_136|system|s0         choice=B words=27 self=False total=$5.50
corr_59|system|s0          choice=B words=26 self=False total=$5.50
corr_137|system|s0         choice=B words=37 self=False total=$5.51
corr_88|system|s0          choice=A words=45 self=False total=$5.51
corr_157|commit|s0         choice=A words=62 self=False total=$5.51
corr_147|commit|s0         choice=B words=81 self=False total=$5.51
corr_40|commit|s0          choice=A words=133 self=False total=$5.51
corr_72|commit|s0          choice=B words=77 self=True total=$5.51
corr_135|commit|s0         choice=B words=62 self=False total=$5.52
corr_42|commit|s0          choice=A words=71 self=False total=$5.52
corr_76|commit|s0          choice=B words=246 self=False total=$5.52
corr_160|commit|s0         choice=B words=41 self=False total=$5.52
corr_13|commit|s0          choice=B words=45 self=False total=$5.52
corr_141|commit|s0         choice=A words=76 self=False total=$5.53
corr_35|commit|s0          choice=B words=57 self=False total=$5.53
corr_127|commit|s0         choice=A words=78 self=False total=$5.53
corr_86|commit|s0          choice=A words=39 self=False total=$5.53
corr_108|commit|s0         choice=A words=241 self=False total=$5.54
corr_149|commit|s0         choice=B words=83 self=False total=$5.54
corr_74|commit|s0          choice=A words=118 self=False total=$5.54
corr_136|commit|s0         choice=B words=51 self=False total=$5.54
corr_59|commit|s0          choice=B words=37 self=False total=$5.54
corr_137|commit|s0         choice=B words=53 self=False total=$5.54
corr_88|commit|s0          choice=A words=70 self=False total=$5.55
total new spend $5.55
