corr_147|base|s1           choice=B words=84 self=None total=$5.61
corr_40|base|s1            choice=A words=174 self=None total=$5.61
corr_72|base|s1            choice=B words=54 self=None total=$5.61
corr_135|base|s1           choice=A words=70 self=None total=$5.61
corr_76|base|s1            choice=A words=58 self=None total=$5.61
corr_160|base|s1           choice=B words=92 self=None total=$5.61
corr_13|base|s1            choice=B words=69 self=None total=$5.61
corr_157|base|s1           choice=B words=593 self=None total=$5.62
corr_42|base|s1            choice=B words=226 self=None total=$5.62
corr_141|base|s1           choice=A words=57 self=None total=$5.62
corr_35|base|s1            choice=B words=37 self=None total=$5.62
corr_86|base|s1            choice=A words=22 self=None total=$5.62
corr_108|base|s1           choice=A words=63 self=None total=$5.62
corr_127|base|s1           choice=A words=107 self=None total=$5.62
corr_74|base|s1            choice=B words=93 self=None total=$5.62
corr_149|base|s1           choice=A words=60 self=None total=$5.62
corr_136|base|s1           choice=B words=65 self=None total=$5.63
corr_59|base|s1            choice=B words=21 self=None total=$5.63
corr_137|base|s1           choice=B words=28 self=None total=$5.63
corr_88|base|s1            choice=A words=26 self=None total=$5.63
corr_157|system|s1         choice=A words=52 self=False total=$5.63
corr_147|system|s1         choice=B words=42 self=False total=$5.63
corr_40|system|s1          choice=A words=136 self=False total=$5.63
corr_72|system|s1          choice=B words=98 self=False total=$5.63
corr_135|system|s1         choice=A words=108 self=False total=$5.63
corr_76|system|s1          choice=B words=130 self=False total=$5.64
corr_160|system|s1         choice=B words=48 self=False total=$5.64
corr_42|system|s1          choice=A words=91 self=False total=$5.64
corr_13|system|s1          choice=B words=44 self=False total=$5.64
corr_141|system|s1         choice=A words=50 self=False total=$5.64
corr_35|system|s1          choice=B words=73 self=False total=$5.64
corr_127|system|s1         choice=A words=45 self=False total=$5.64
corr_86|system|s1          choice=A words=25 self=False total=$5.64
corr_108|system|s1         choice=A words=155 self=False total=$5.64
corr_74|system|s1          choice=B words=90 self=False total=$5.65
corr_149|system|s1         choice=B words=100 self=False total=$5.65
corr_136|system|s1         choice=B words=32 self=False total=$5.65
corr_59|system|s1          choice=B words=41 self=False total=$5.65
corr_137|system|s1         choice=B words=33 self=False total=$5.65
corr_88|system|s1          choice=A words=21 self=False total=$5.65
corr_157|commit|s1         choice=A words=103 self=False total=$5.65
corr_40|commit|s1          choice=A words=42 self=False total=$5.65
corr_147|commit|s1         choice=A words=145 self=False total=$5.66
corr_72|commit|s1          choice=B words=80 self=False total=$5.66
corr_135|commit|s1         choice=B words=109 self=False total=$5.66
corr_76|commit|s1          choice=A words=54 self=False total=$5.66
corr_42|commit|s1          choice=A words=44 self=False total=$5.66
corr_160|commit|s1         choice=B words=123 self=False total=$5.67
corr_141|commit|s1         choice=A words=33 self=False total=$5.67
corr_13|commit|s1          choice=A words=238 self=False total=$5.67
corr_35|commit|s1          choice=B words=54 self=False total=$5.67
corr_127|commit|s1         choice=None words=75 self=False total=$5.68
corr_86|commit|s1          choice=A words=57 self=False total=$5.68
corr_108|commit|s1         choice=A words=48 self=False total=$5.68
corr_136|commit|s1         choice=None words=51 self=False total=$5.68
corr_74|commit|s1          choice=B words=69 self=False total=$5.68
corr_149|commit|s1         choice=B words=189 self=True total=$5.69
corr_59|commit|s1          choice=B words=42 self=False total=$5.69
corr_157|base|s2           choice=A words=44 self=None total=$5.69
corr_137|commit|s1         choice=B words=153 self=False total=$5.69
corr_88|commit|s1          choice=A words=43 self=False total=$5.69
corr_40|base|s2            choice=A words=106 self=None total=$5.69
corr_147|base|s2           choice=B words=176 self=None total=$5.69
corr_135|base|s2           choice=A words=38 self=None total=$5.69
corr_72|base|s2            choice=A words=104 self=None total=$5.69
corr_160|base|s2           choice=B words=18 self=None total=$5.69
corr_76|base|s2            choice=B words=64 self=None total=$5.70
corr_42|base|s2            choice=A words=107 self=None total=$5.70
corr_141|base|s2           choice=A words=31 self=None total=$5.70
corr_13|base|s2            choice=B words=54 self=None total=$5.70
corr_35|base|s2            choice=B words=43 self=None total=$5.70
corr_108|base|s2           choice=A words=5 self=None total=$5.70
corr_86|base|s2            choice=A words=25 self=None total=$5.70
corr_127|base|s2           choice=B words=271 self=None total=$5.70
corr_74|base|s2            choice=B words=299 self=None total=$5.70
corr_149|base|s2           choice=B words=237 self=None total=$5.70
corr_136|base|s2           choice=B words=40 self=None total=$5.70
corr_59|base|s2            choice=B words=35 self=None total=$5.70
corr_88|base|s2            choice=A words=45 self=None total=$5.71
corr_157|system|s2         choice=A words=40 self=False total=$5.71
corr_137|base|s2           choice=B words=258 self=None total=$5.71
corr_40|system|s2          choice=B words=143 self=False total=$5.71
corr_72|system|s2          choice=B words=33 self=True total=$5.71
corr_147|system|s2         choice=B words=150 self=False total=$5.71
corr_135|system|s2         choice=B words=63 self=False total=$5.71
corr_76|system|s2          choice=A words=48 self=False total=$5.72
corr_42|system|s2          choice=A words=108 self=False total=$5.72
corr_160|system|s2         choice=B words=109 self=False total=$5.72
corr_141|system|s2         choice=A words=60 self=False total=$5.72
corr_13|system|s2          choice=B words=188 self=True total=$5.72
corr_127|system|s2         choice=A words=35 self=False total=$5.72
corr_35|system|s2          choice=A words=212 self=False total=$5.72
corr_108|system|s2         choice=A words=38 self=False total=$5.72
corr_86|system|s2          choice=A words=85 self=False total=$5.73
corr_149|system|s2         choice=B words=43 self=False total=$5.73
corr_74|system|s2          choice=A words=129 self=False total=$5.73
corr_136|system|s2         choice=B words=33 self=False total=$5.73
corr_59|system|s2          choice=B words=56 self=False total=$5.73
corr_88|system|s2          choice=A words=31 self=False total=$5.73
corr_137|system|s2         choice=B words=106 self=False total=$5.73
corr_40|commit|s2          choice=B words=90 self=False total=$5.74
corr_147|commit|s2         choice=A words=122 self=False total=$5.74
corr_157|commit|s2         choice=A words=434 self=False total=$5.74
corr_72|commit|s2          choice=B words=92 self=False total=$5.75
corr_135|commit|s2         choice=None words=60 self=False total=$5.75
corr_76|commit|s2          choice=A words=85 self=False total=$5.75
corr_42|commit|s2          choice=A words=66 self=False total=$5.75
corr_160|commit|s2         choice=None words=51 self=False total=$5.75
corr_13|commit|s2          choice=B words=90 self=False total=$5.76
corr_141|commit|s2         choice=A words=59 self=False total=$5.76
corr_35|commit|s2          choice=B words=96 self=False total=$5.76
corr_108|commit|s2         choice=A words=36 self=False total=$5.76
corr_127|commit|s2         choice=A words=57 self=True total=$5.76
corr_86|commit|s2          choice=A words=54 self=False total=$5.76
corr_74|commit|s2          choice=A words=72 self=True total=$5.77
corr_149|commit|s2         choice=B words=63 self=False total=$5.77
corr_136|commit|s2         choice=B words=59 self=True total=$5.77
corr_137|commit|s2         choice=B words=35 self=False total=$5.77
corr_59|commit|s2          choice=None words=154 self=False total=$5.77
corr_88|commit|s2          choice=A words=31 self=False total=$5.78
total new spend $5.78
