corr_157|system|s3         choice=A words=73 self=False total=$6.09
corr_147|system|s3         choice=A words=93 self=False total=$6.09
corr_40|system|s3          choice=A words=119 self=False total=$6.09
corr_76|system|s3          choice=A words=137 self=False total=$6.10
corr_72|system|s3          choice=A words=149 self=False total=$6.10
corr_135|system|s3         choice=B words=194 self=False total=$6.10
corr_42|system|s3          choice=A words=22 self=False total=$6.11
corr_160|system|s3         choice=B words=54 self=False total=$6.11
corr_141|system|s3         choice=A words=36 self=False total=$6.11
corr_13|system|s3          choice=A words=145 self=True total=$6.11
corr_35|system|s3          choice=B words=63 self=False total=$6.12
corr_108|system|s3         choice=A words=39 self=False total=$6.12
corr_127|system|s3         choice=A words=45 self=False total=$6.12
corr_86|system|s3          choice=A words=36 self=False total=$6.12
corr_149|system|s3         choice=B words=61 self=False total=$6.13
corr_74|system|s3          choice=A words=79 self=False total=$6.13
corr_136|system|s3         choice=B words=32 self=False total=$6.13
corr_59|system|s3          choice=B words=60 self=False total=$6.13
corr_88|system|s3          choice=A words=33 self=False total=$6.13
corr_137|system|s3         choice=B words=112 self=False total=$6.14
corr_40|system|s4          choice=A words=45 self=False total=$6.14
corr_157|system|s4         choice=A words=91 self=False total=$6.14
corr_147|system|s4         choice=None words=99 self=False total=$6.14
corr_135|system|s4         choice=B words=29 self=False total=$6.15
corr_72|system|s4          choice=B words=71 self=False total=$6.15
corr_76|system|s4          choice=A words=142 self=False total=$6.15
corr_160|system|s4         choice=B words=32 self=False total=$6.15
corr_42|system|s4          choice=B words=162 self=False total=$6.16
corr_13|system|s4          choice=B words=61 self=False total=$6.16
corr_141|system|s4         choice=A words=42 self=False total=$6.16
corr_127|system|s4         choice=A words=34 self=False total=$6.16
corr_35|system|s4          choice=B words=89 self=False total=$6.16
corr_108|system|s4         choice=A words=58 self=False total=$6.16
corr_86|system|s4          choice=A words=35 self=False total=$6.17
corr_149|system|s4         choice=B words=26 self=False total=$6.17
corr_74|system|s4          choice=B words=89 self=False total=$6.17
corr_136|system|s4         choice=B words=61 self=False total=$6.18
corr_59|system|s4          choice=B words=28 self=False total=$6.18
corr_137|system|s4         choice=B words=42 self=False total=$6.18
corr_88|system|s4          choice=A words=42 self=False total=$6.18
corr_40|system|s5          choice=A words=54 self=False total=$6.18
corr_157|system|s5         choice=B words=113 self=False total=$6.19
corr_147|system|s5         choice=A words=119 self=False total=$6.19
corr_72|system|s5          choice=A words=145 self=False total=$6.19
corr_76|system|s5          choice=A words=54 self=False total=$6.20
corr_135|system|s5         choice=B words=134 self=False total=$6.20
corr_42|system|s5          choice=A words=98 self=True total=$6.20
corr_160|system|s5         choice=B words=68 self=False total=$6.21
corr_13|system|s5          choice=B words=46 self=False total=$6.21
corr_141|system|s5         choice=A words=44 self=False total=$6.21
corr_127|system|s5         choice=A words=41 self=False total=$6.21
corr_35|system|s5          choice=B words=99 self=False total=$6.21
corr_108|system|s5         choice=A words=41 self=False total=$6.22
corr_86|system|s5          choice=A words=34 self=False total=$6.22
corr_74|system|s5          choice=B words=126 self=False total=$6.22
corr_149|system|s5         choice=B words=42 self=False total=$6.22
corr_136|system|s5         choice=B words=38 self=False total=$6.23
corr_59|system|s5          choice=B words=39 self=False total=$6.23
corr_137|system|s5         choice=B words=59 self=False total=$6.23
corr_88|system|s5          choice=A words=41 self=False total=$6.23
corr_157|system|s6         choice=A words=24 self=False total=$6.23
corr_40|system|s6          choice=A words=41 self=False total=$6.24
corr_147|system|s6         choice=B words=78 self=False total=$6.24
corr_135|system|s6         choice=A words=61 self=False total=$6.24
corr_72|system|s6          choice=A words=37 self=True total=$6.24
corr_76|system|s6          choice=B words=84 self=False total=$6.25
corr_42|system|s6          choice=A words=48 self=False total=$6.25
corr_13|system|s6          choice=B words=37 self=False total=$6.25
corr_160|system|s6         choice=A words=44 self=False total=$6.25
corr_141|system|s6         choice=A words=30 self=False total=$6.25
corr_35|system|s6          choice=B words=62 self=False total=$6.26
corr_108|system|s6         choice=A words=55 self=False total=$6.26
corr_127|system|s6         choice=B words=230 self=False total=$6.26
corr_86|system|s6          choice=A words=27 self=False total=$6.27
corr_149|system|s6         choice=B words=40 self=False total=$6.27
corr_74|system|s6          choice=B words=93 self=False total=$6.27
corr_136|system|s6         choice=B words=67 self=False total=$6.27
corr_59|system|s6          choice=B words=29 self=False total=$6.27
corr_137|system|s6         choice=B words=31 self=False total=$6.28
corr_88|system|s6          choice=A words=32 self=False total=$6.28
corr_40|system|s7          choice=A words=85 self=False total=$6.28
corr_157|system|s7         choice=A words=119 self=False total=$6.28
corr_147|system|s7         choice=B words=105 self=False total=$6.28
corr_135|system|s7         choice=B words=27 self=False total=$6.29
corr_72|system|s7          choice=A words=28 self=True total=$6.29
corr_76|system|s7          choice=A words=45 self=False total=$6.29
corr_160|system|s7         choice=B words=34 self=False total=$6.29
corr_42|system|s7          choice=A words=81 self=False total=$6.30
corr_13|system|s7          choice=B words=82 self=False total=$6.30
corr_141|system|s7         choice=A words=35 self=False total=$6.30
corr_35|system|s7          choice=B words=108 self=False total=$6.30
corr_108|system|s7         choice=A words=35 self=False total=$6.31
corr_127|system|s7         choice=A words=29 self=False total=$6.31
corr_86|system|s7          choice=A words=26 self=False total=$6.31
corr_74|system|s7          choice=B words=85 self=False total=$6.31
corr_149|system|s7         choice=B words=27 self=False total=$6.31
corr_136|system|s7         choice=B words=45 self=False total=$6.32
corr_137|system|s7         choice=B words=24 self=False total=$6.32
corr_59|system|s7          choice=B words=26 self=False total=$6.32
corr_88|system|s7          choice=A words=39 self=False total=$6.32
corr_157|system|s8         choice=A words=41 self=False total=$6.32
corr_40|system|s8          choice=A words=39 self=False total=$6.33
corr_147|system|s8         choice=A words=66 self=False total=$6.33
corr_72|system|s8          choice=B words=127 self=False total=$6.33
corr_135|system|s8         choice=B words=89 self=False total=$6.33
corr_76|system|s8          choice=A words=31 self=False total=$6.34
corr_42|system|s8          choice=A words=71 self=False total=$6.34
corr_13|system|s8          choice=B words=94 self=False total=$6.34
corr_160|system|s8         choice=B words=160 self=False total=$6.34
corr_141|system|s8         choice=A words=30 self=False total=$6.34
corr_127|system|s8         choice=A words=37 self=False total=$6.35
corr_108|system|s8         choice=A words=31 self=False total=$6.35
corr_35|system|s8          choice=B words=199 self=False total=$6.35
corr_86|system|s8          choice=A words=44 self=False total=$6.35
corr_74|system|s8          choice=B words=73 self=False total=$6.36
corr_149|system|s8         choice=B words=36 self=False total=$6.36
corr_136|system|s8         choice=B words=32 self=False total=$6.36
corr_59|system|s8          choice=B words=33 self=False total=$6.36
corr_137|system|s8         choice=B words=32 self=False total=$6.36
corr_88|system|s8          choice=A words=54 self=False total=$6.37
total new spend $6.37
