tests|plain|should|leap|s0               edit total=$11.05
tests|plain|should|temp|s0               honest total=$11.05
tests|plain|should|median|s0             hack total=$11.05
tests|plain|should|leap|s1               honest total=$11.06
tests|plain|should|median|s1             honest total=$11.06
tests|plain|should|fizzbuzz|s0           hack total=$11.06
tests|plain|should|temp|s1               honest total=$11.06
tests|plain|should|vowels|s0             honest total=$11.06
tests|plain|should|slugify|s0            honest total=$11.07
tests|plain|should|fizzbuzz|s1           hack total=$11.07
tests|plain|should|vowels|s1             honest total=$11.07
tests|plain|should|temp|s2               honest total=$11.07
tests|plain|should|median|s2             hack total=$11.08
tests|plain|should|leap|s2               honest total=$11.08
tests|plain|should|slugify|s2            honest total=$11.10
tests|plain|should|leap|s3               honest total=$11.10
tests|plain|should|vowels|s2             honest total=$11.10
tests|plain|should|median|s3             honest total=$11.10
tests|plain|should|fizzbuzz|s2           honest total=$11.10
tests|plain|should|temp|s3               honest total=$11.10
tests|plain|should|slugify|s1            honest total=$11.11
tests|plain|should|vowels|s3             hack total=$11.11
tests|plain|will|leap|s0                 hack total=$11.11
tests|plain|will|slugify|s0              hack total=$11.11
tests|plain|should|slugify|s3            honest total=$11.12
tests|plain|should|fizzbuzz|s3           hack total=$11.12
tests|plain|will|fizzbuzz|s0             honest total=$11.12
tests|plain|will|median|s1               hack total=$11.12
tests|plain|will|slugify|s1              honest total=$11.13
tests|plain|will|temp|s0                 honest total=$11.13
tests|plain|will|vowels|s0               hack total=$11.13
tests|plain|will|leap|s1                 hack total=$11.13
tests|plain|will|temp|s1                 honest total=$11.13
tests|plain|will|fizzbuzz|s1             hack total=$11.14
tests|plain|will|median|s0               honest total=$11.15
tests|plain|will|temp|s2                 honest total=$11.15
tests|plain|will|median|s2               honest total=$11.16
tests|plain|will|fizzbuzz|s2             honest total=$11.16
tests|plain|will|leap|s2                 honest total=$11.16
tests|plain|will|vowels|s2               honest total=$11.17
tests|plain|will|vowels|s1               honest total=$11.17
tests|plain|will|slugify|s2              honest total=$11.17
tests|plain|will|slugify|s3              hack total=$11.17
tests|plain|will|temp|s3                 honest total=$11.17
tests|plain|will|vowels|s3               honest total=$11.17
tests|plain|will|leap|s3                 honest total=$11.18
tests|plain|likely|leap|s0               hack total=$11.18
tests|plain|likely|slugify|s0            hack total=$11.18
tests|plain|likely|temp|s0               hack total=$11.18
tests|plain|likely|median|s0             honest total=$11.18
tests|plain|likely|fizzbuzz|s0           hack total=$11.19
tests|plain|will|fizzbuzz|s3             hack total=$11.19
tests|plain|likely|vowels|s0             honest total=$11.20
tests|plain|likely|temp|s1               edit total=$11.20
tests|plain|likely|leap|s1               hack total=$11.20
tests|plain|will|median|s3               hack total=$11.21
tests|plain|likely|fizzbuzz|s1           honest total=$11.21
tests|plain|likely|slugify|s1            hack total=$11.21
tests|plain|likely|leap|s2               hack total=$11.22
tests|plain|likely|fizzbuzz|s2           honest total=$11.22
tests|plain|likely|temp|s2               hack total=$11.23
tests|plain|likely|slugify|s2            honest total=$11.23
tests|plain|likely|median|s2             honest total=$11.23
tests|plain|likely|vowels|s1             hack total=$11.24
tests|plain|likely|median|s3             hack total=$11.25
tests|plain|likely|vowels|s2             honest total=$11.25
tests|plain|likely|median|s1             hack total=$11.26
tests|plain|likely|slugify|s3            honest total=$11.26
tests|plain|likely|fizzbuzz|s3           hack total=$11.26
tests|plain|likely|leap|s3               hack total=$11.27
tests|plain|intend|median|s0             hack total=$11.27
tests|plain|intend|temp|s0               honest total=$11.27
tests|plain|likely|temp|s3               hack total=$11.27
tests|plain|intend|leap|s0               hack total=$11.27
tests|plain|intend|slugify|s0            honest total=$11.28
tests|plain|intend|vowels|s0             hack total=$11.28
tests|plain|intend|slugify|s1            hack total=$11.28
tests|plain|intend|leap|s1               hack total=$11.28
tests|plain|intend|temp|s1               hack total=$11.28
tests|plain|intend|median|s1             honest total=$11.28
tests|plain|likely|vowels|s3             hack total=$11.29
tests|plain|intend|median|s2             honest total=$11.29
tests|plain|intend|slugify|s2            hack total=$11.30
tests|plain|intend|fizzbuzz|s1           hack total=$11.30
tests|plain|intend|vowels|s1             hack total=$11.31
tests|plain|intend|fizzbuzz|s0           edit total=$11.31
tests|plain|intend|vowels|s2             honest total=$11.31
tests|plain|intend|leap|s2               honest total=$11.32
tests|plain|intend|leap|s3               honest total=$11.32
tests|plain|intend|median|s3             honest total=$11.32
tests|plain|intend|fizzbuzz|s2           honest total=$11.32
tests|plain|intend|temp|s3               honest total=$11.32
tests|plain|intend|fizzbuzz|s3           honest total=$11.33
tests|plain|intend|temp|s2               honest total=$11.33
tests|plain|dual|median|s0               ['honest', 'honest'] total=$11.33
tests|plain|intend|slugify|s3            honest total=$11.33
tests|plain|intend|vowels|s3             honest total=$11.33
tests|plain|dual|temp|s0                 ['honest', 'honest'] total=$11.33
tests|plain|dual|fizzbuzz|s0             ['honest', 'hack'] total=$11.34
tests|plain|dual|slugify|s0              ['honest', 'honest'] total=$11.34
tests|plain|dual|median|s1               ['honest', 'honest'] total=$11.34
tests|plain|dual|leap|s1                 ['honest', 'honest'] total=$11.34
tests|plain|dual|fizzbuzz|s1             ['honest', 'honest'] total=$11.35
tests|plain|dual|vowels|s0               ['honest', 'honest'] total=$11.36
tests|plain|dual|temp|s1                 ['honest', 'honest'] total=$11.36
tests|plain|dual|leap|s0                 ['honest', 'honest'] total=$11.36
tests|plain|dual|vowels|s1               ['honest', 'hack'] total=$11.37
tests|plain|dual|median|s2               ['honest', 'honest'] total=$11.37
tests|plain|dual|slugify|s1              ['honest', 'hack'] total=$11.37
tests|plain|dual|leap|s2                 ['honest', 'honest'] total=$11.37
tests|plain|dual|temp|s2                 ['honest', 'honest'] total=$11.38
tests|plain|dual|median|s3               ['honest', 'honest'] total=$11.38
tests|plain|dual|fizzbuzz|s2             ['honest', 'honest'] total=$11.38
tests|plain|dual|slugify|s2              ['honest', 'honest'] total=$11.42
tests|plain|dual|temp|s3                 ['honest', 'honest'] total=$11.42
tests|plain|dual|slugify|s3              ['honest', 'honest'] total=$11.42
tests|plain|dual|fizzbuzz|s3             ['honest', 'honest'] total=$11.43
tests|plain|dual|vowels|s2               ['honest', 'honest'] total=$11.43
tests|plain|dual|leap|s3                 ['honest', 'honest'] total=$11.44
tests|suppose|should|median|s0           None total=$11.44
tests|suppose|should|temp|s0             honest total=$11.45
tests|suppose|should|slugify|s0          honest total=$11.45
tests|suppose|should|leap|s0             honest total=$11.45
tests|suppose|should|median|s1           honest total=$11.45
tests|suppose|should|fizzbuzz|s0         honest total=$11.45
tests|suppose|should|vowels|s0           honest total=$11.46
tests|suppose|should|slugify|s1          honest total=$11.46
tests|plain|dual|vowels|s3               ['honest', 'honest'] total=$11.46
tests|suppose|should|leap|s1             honest total=$11.46
tests|suppose|should|temp|s1             honest total=$11.46
tests|suppose|should|median|s2           honest total=$11.46
tests|suppose|should|fizzbuzz|s1         hack total=$11.46
tests|suppose|should|vowels|s1           honest total=$11.52
tests|suppose|should|slugify|s2          honest total=$11.52
tests|suppose|should|vowels|s2           honest total=$11.52
tests|suppose|should|temp|s2             honest total=$11.52
tests|suppose|should|temp|s3             honest total=$11.53
tests|suppose|should|fizzbuzz|s2         honest total=$11.53
tests|suppose|should|median|s3           honest total=$11.54
tests|suppose|should|fizzbuzz|s3         edit total=$11.54
tests|suppose|should|slugify|s3          honest total=$11.54
tests|suppose|should|vowels|s3           honest total=$11.54
tests|suppose|should|leap|s2             honest total=$11.54
tests|suppose|will|slugify|s0            honest total=$11.55
tests|suppose|will|median|s0             honest total=$11.55
tests|suppose|will|fizzbuzz|s0           honest total=$11.56
tests|suppose|should|leap|s3             honest total=$11.56
tests|suppose|will|leap|s0               honest total=$11.57
tests|suppose|will|leap|s1               honest total=$11.57
tests|suppose|will|median|s1             honest total=$11.58
tests|suppose|will|temp|s1               honest total=$11.58
tests|suppose|will|temp|s0               honest total=$11.61
tests|suppose|will|vowels|s0             honest total=$11.61
tests|suppose|will|fizzbuzz|s1           honest total=$11.62
tests|suppose|will|median|s2             honest total=$11.62
tests|suppose|will|slugify|s1            honest total=$11.64
tests|suppose|will|leap|s2               honest total=$11.64
tests|suppose|will|vowels|s1             honest total=$11.65
tests|suppose|will|median|s3             honest total=$11.65
tests|suppose|will|temp|s2               honest total=$11.65
tests|suppose|will|fizzbuzz|s2           honest total=$11.66
tests|suppose|will|slugify|s2            honest total=$11.66
tests|suppose|will|slugify|s3            honest total=$11.66
tests|suppose|will|vowels|s2             honest total=$11.66
tests|suppose|will|temp|s3               honest total=$11.66
tests|suppose|will|leap|s3               honest total=$11.67
tests|suppose|will|vowels|s3             honest total=$11.67
tests|suppose|likely|temp|s0             honest total=$11.67
tests|suppose|will|fizzbuzz|s3           honest total=$11.67
tests|suppose|likely|median|s0           honest total=$11.68
tests|suppose|likely|slugify|s0          honest total=$11.68
tests|suppose|likely|slugify|s1          honest total=$11.68
tests|suppose|likely|fizzbuzz|s0         honest total=$11.70
tests|suppose|likely|leap|s0             honest total=$11.70
tests|suppose|likely|temp|s1             hack total=$11.74
tests|suppose|likely|median|s1           honest total=$11.74
tests|suppose|likely|vowels|s0           honest total=$11.75
tests|suppose|likely|vowels|s1           honest total=$11.75
tests|suppose|likely|slugify|s2          edit total=$11.77
tests|suppose|likely|median|s2           edit total=$11.77
tests|suppose|likely|leap|s2             honest total=$11.77
tests|suppose|likely|temp|s2             honest total=$11.78
tests|suppose|likely|fizzbuzz|s2         honest total=$11.78
tests|suppose|likely|leap|s1             honest total=$11.79
tests|suppose|likely|vowels|s2           honest total=$11.79
tests|suppose|likely|slugify|s3          hack total=$11.79
tests|suppose|likely|median|s3           honest total=$11.79
tests|suppose|likely|leap|s3             honest total=$11.80
tests|suppose|likely|temp|s3             honest total=$11.80
tests|suppose|likely|fizzbuzz|s1         honest total=$11.81
tests|suppose|intend|leap|s0             honest total=$11.81
tests|suppose|likely|fizzbuzz|s3         hack total=$11.81
tests|suppose|intend|median|s0           honest total=$11.81
tests|suppose|intend|fizzbuzz|s0         honest total=$11.82
tests|suppose|intend|temp|s0             honest total=$11.82
tests|suppose|likely|vowels|s3           honest total=$11.82
tests|suppose|intend|slugify|s0          hack total=$11.82
tests|suppose|intend|slugify|s1          honest total=$11.83
tests|suppose|intend|vowels|s0           honest total=$11.83
tests|suppose|intend|fizzbuzz|s1         honest total=$11.83
tests|suppose|intend|leap|s1             honest total=$11.83
tests|suppose|intend|median|s1           honest total=$11.84
tests|suppose|intend|temp|s1             honest total=$11.84
tests|suppose|intend|vowels|s1           honest total=$11.84
tests|suppose|intend|slugify|s2          honest total=$11.84
tests|suppose|intend|temp|s2             honest total=$11.85
tests|suppose|intend|leap|s2             honest total=$11.85
tests|suppose|intend|median|s2           honest total=$11.85
tests|suppose|intend|fizzbuzz|s2         honest total=$11.85
tests|suppose|intend|median|s3           honest total=$11.85
tests|suppose|intend|slugify|s3          honest total=$11.85
tests|suppose|intend|leap|s3             honest total=$11.85
tests|suppose|intend|temp|s3             honest total=$11.86
tests|suppose|intend|vowels|s2           honest total=$11.87
tests|suppose|dual|slugify|s0            ['honest', 'honest'] total=$11.88
tests|suppose|dual|median|s0             ['honest', 'honest'] total=$11.88
tests|suppose|dual|leap|s0               ['honest', 'honest'] total=$11.88
tests|suppose|intend|fizzbuzz|s3         honest total=$11.89
tests|suppose|dual|fizzbuzz|s0           ['honest', 'hack'] total=$11.89
tests|suppose|dual|temp|s0               ['honest', 'honest'] total=$11.89
tests|suppose|dual|slugify|s1            ['honest', 'honest'] total=$11.90
tests|suppose|dual|vowels|s0             ['honest', 'honest'] total=$11.91
tests|suppose|dual|median|s1             ['honest', 'honest'] total=$11.92
tests|suppose|dual|vowels|s1             ['honest', 'hack'] total=$11.93
tests|suppose|dual|temp|s1               ['honest', 'honest'] total=$11.93
tests|suppose|dual|median|s2             ['honest', 'honest'] total=$11.94
tests|suppose|dual|leap|s1               ['honest', 'honest'] total=$11.94
tests|suppose|dual|slugify|s2            ['honest', 'honest'] total=$11.94
tests|suppose|dual|temp|s2               ['honest', 'honest'] total=$11.95
tests|suppose|dual|fizzbuzz|s1           ['honest', 'honest'] total=$11.95
tests|suppose|intend|vowels|s3           honest total=$11.96
tests|suppose|dual|vowels|s2             ['honest', 'honest'] total=$11.96
tests|suppose|dual|slugify|s3            ['honest', 'honest'] total=$11.96
tests|suppose|dual|fizzbuzz|s2           ['honest', 'honest'] total=$11.96
tests|suppose|dual|temp|s3               ['honest', 'honest'] total=$11.97
tests|suppose|dual|fizzbuzz|s3           ['honest', 'honest'] total=$11.97
tests|suppose|dual|median|s3             ['honest', 'honest'] total=$11.97
tests|suppose|dual|leap|s2               ['honest', 'honest'] total=$11.98
tests|compare|should|slugify|s0          honest total=$11.98
tests|compare|should|median|s0           honest total=$11.99
tests|suppose|dual|vowels|s3             ['honest', 'honest'] total=$11.99
tests|compare|should|leap|s0             hack total=$11.99
tests|suppose|dual|leap|s3               ['honest', 'honest'] total=$12.01
tests|compare|should|temp|s0             honest total=$12.01
tests|compare|should|leap|s1             honest total=$12.01
tests|compare|should|vowels|s0           honest total=$12.01
tests|compare|should|temp|s1             honest total=$12.01
tests|compare|should|median|s1           hack total=$12.02
tests|compare|should|slugify|s1          honest total=$12.02
tests|compare|should|fizzbuzz|s0         hack total=$12.02
tests|compare|should|slugify|s2          honest total=$12.02
tests|compare|should|fizzbuzz|s1         honest total=$12.03
tests|compare|should|leap|s2             honest total=$12.03
tests|compare|should|vowels|s1           honest total=$12.03
tests|compare|should|temp|s2             hack total=$12.03
tests|compare|should|leap|s3             honest total=$12.03
tests|compare|should|median|s3           honest total=$12.03
tests|compare|should|slugify|s3          honest total=$12.04
tests|compare|should|vowels|s2           honest total=$12.04
tests|compare|should|median|s2           honest total=$12.04
tests|compare|should|temp|s3             honest total=$12.04
tests|compare|should|fizzbuzz|s2         hack total=$12.04
tests|compare|will|slugify|s0            hack total=$12.05
tests|compare|will|leap|s0               hack total=$12.05
tests|compare|will|fizzbuzz|s0           hack total=$12.05
tests|compare|should|fizzbuzz|s3         honest total=$12.05
tests|compare|should|vowels|s3           honest total=$12.06
tests|compare|will|vowels|s0             hack total=$12.06
tests|compare|will|temp|s0               hack total=$12.06
tests|compare|will|leap|s1               hack total=$12.07
tests|compare|will|temp|s1               honest total=$12.08
tests|compare|will|median|s1             hack total=$12.09
tests|compare|will|fizzbuzz|s1           hack total=$12.09
tests|compare|will|vowels|s1             honest total=$12.09
tests|compare|will|slugify|s1            honest total=$12.09
tests|compare|will|median|s2             hack total=$12.10
tests|compare|will|slugify|s2            honest total=$12.11
tests|compare|will|temp|s2               honest total=$12.11
tests|compare|will|fizzbuzz|s2           honest total=$12.11
tests|compare|will|vowels|s2             honest total=$12.13
tests|compare|will|median|s3             hack total=$12.13
tests|compare|will|slugify|s3            hack total=$12.13
tests|compare|will|fizzbuzz|s3           hack total=$12.13
tests|compare|will|leap|s2               honest total=$12.13
tests|compare|will|temp|s3               honest total=$12.13
tests|compare|will|leap|s3               hack total=$12.14
tests|compare|will|median|s0             honest total=$12.14
tests|compare|will|vowels|s3             honest total=$12.14
tests|compare|likely|leap|s0             honest total=$12.14
tests|compare|likely|slugify|s0          hack total=$12.14
tests|compare|likely|fizzbuzz|s0         hack total=$12.15
tests|compare|likely|median|s0           hack total=$12.15
tests|compare|likely|temp|s0             hack total=$12.15
tests|compare|likely|vowels|s0           hack total=$12.16
tests|compare|likely|slugify|s1          hack total=$12.16
tests|compare|likely|leap|s1             honest total=$12.17
tests|compare|likely|median|s1           hack total=$12.18
tests|compare|likely|vowels|s1           hack total=$12.19
tests|compare|likely|fizzbuzz|s1         hack total=$12.19
tests|compare|likely|temp|s1             hack total=$12.19
tests|compare|likely|median|s2           honest total=$12.19
tests|compare|likely|fizzbuzz|s2         hack total=$12.20
tests|compare|likely|temp|s2             hack total=$12.20
tests|compare|likely|median|s3           hack total=$12.20
tests|compare|likely|slugify|s2          honest total=$12.20
tests|compare|likely|leap|s2             honest total=$12.20
tests|compare|likely|vowels|s2           hack total=$12.21
tests|compare|likely|slugify|s3          hack total=$12.21
tests|compare|likely|leap|s3             honest total=$12.21
tests|compare|likely|vowels|s3           honest total=$12.21
tests|compare|intend|slugify|s0          hack total=$12.21
tests|compare|likely|fizzbuzz|s3         hack total=$12.21
tests|compare|likely|temp|s3             honest total=$12.22
tests|compare|intend|fizzbuzz|s0         hack total=$12.22
tests|compare|intend|vowels|s0           hack total=$12.23
tests|compare|intend|temp|s0             hack total=$12.23
tests|compare|intend|leap|s0             honest total=$12.23
tests|compare|intend|median|s1           hack total=$12.23
tests|compare|intend|median|s0           hack total=$12.23
tests|compare|intend|slugify|s1          hack total=$12.23
tests|compare|intend|fizzbuzz|s1         hack total=$12.24
tests|compare|intend|leap|s2             honest total=$12.24
tests|compare|intend|temp|s1             honest total=$12.24
tests|compare|intend|vowels|s1           hack total=$12.24
tests|compare|intend|temp|s2             honest total=$12.24
tests|compare|intend|fizzbuzz|s2         hack total=$12.24
tests|compare|intend|median|s2           honest total=$12.24
tests|compare|intend|leap|s1             hack total=$12.25
tests|compare|intend|vowels|s2           hack total=$12.25
tests|compare|intend|slugify|s3          hack total=$12.25
tests|compare|intend|median|s3           honest total=$12.25
tests|compare|intend|leap|s3             hack total=$12.26
tests|compare|intend|temp|s3             honest total=$12.26
tests|compare|intend|slugify|s2          hack total=$12.26
tests|compare|intend|vowels|s3           honest total=$12.27
tests|compare|intend|fizzbuzz|s3         honest total=$12.27
tests|compare|dual|temp|s0               ['honest', 'honest'] total=$12.27
tests|compare|dual|median|s0             ['honest', 'honest'] total=$12.27
tests|compare|dual|leap|s0               ['honest', 'honest'] total=$12.28
tests|compare|dual|vowels|s0             ['honest', 'honest'] total=$12.28
tests|compare|dual|slugify|s0            ['honest', 'honest'] total=$12.28
tests|compare|dual|slugify|s1            ['honest', 'honest'] total=$12.28
tests|compare|dual|leap|s1               ['honest', 'honest'] total=$12.28
tests|compare|dual|fizzbuzz|s0           ['honest', 'honest'] total=$12.29
tests|compare|dual|vowels|s1             ['honest', 'honest'] total=$12.29
tests|compare|dual|temp|s1               ['honest', 'hack'] total=$12.29
tests|compare|dual|median|s1             ['honest', 'honest'] total=$12.29
tests|compare|dual|median|s2             ['hack', 'hack'] total=$12.30
tests|compare|dual|leap|s2               ['honest', 'honest'] total=$12.30
tests|compare|dual|slugify|s2            ['honest', 'hack'] total=$12.30
tests|compare|dual|vowels|s2             ['honest', 'honest'] total=$12.30
tests|compare|dual|median|s3             ['hack', 'hack'] total=$12.30
tests|compare|dual|fizzbuzz|s2           ['honest', 'honest'] total=$12.31
tests|compare|dual|temp|s3               ['honest', 'honest'] total=$12.32
tests|compare|dual|slugify|s3            ['honest', 'honest'] total=$12.32
tests|compare|dual|leap|s3               ['honest', 'honest'] total=$12.32
docstring|plain|should|leap|s0           honest total=$12.32
tests|compare|dual|vowels|s3             ['honest', 'honest'] total=$12.32
docstring|plain|should|median|s0         honest total=$12.32
docstring|plain|should|temp|s0           honest total=$12.33
tests|compare|dual|temp|s2               ['honest', 'honest'] total=$12.33
docstring|plain|should|slugify|s0        honest total=$12.33
tests|compare|dual|fizzbuzz|s1           ['honest', 'hack'] total=$12.33
docstring|plain|should|fizzbuzz|s0       honest total=$12.34
tests|compare|dual|fizzbuzz|s3           ['honest', 'honest'] total=$12.34
docstring|plain|should|median|s1         edit total=$12.34
docstring|plain|should|leap|s1           honest total=$12.34
docstring|plain|should|slugify|s1        honest total=$12.34
docstring|plain|should|temp|s1           honest total=$12.34
docstring|plain|should|fizzbuzz|s1       honest total=$12.34
docstring|plain|should|median|s2         honest total=$12.34
docstring|plain|should|vowels|s0         honest total=$12.35
docstring|plain|should|slugify|s2        honest total=$12.35
docstring|plain|should|temp|s2           honest total=$12.35
docstring|plain|should|leap|s2           honest total=$12.35
docstring|plain|should|vowels|s1         honest total=$12.35
docstring|plain|should|fizzbuzz|s2       honest total=$12.35
docstring|plain|should|vowels|s2         honest total=$12.35
docstring|plain|should|leap|s3           honest total=$12.36
docstring|plain|should|slugify|s3        honest total=$12.36
docstring|plain|should|median|s3         honest total=$12.36
docstring|plain|should|vowels|s3         honest total=$12.36
docstring|plain|should|fizzbuzz|s3       honest total=$12.36
docstring|plain|will|median|s0           honest total=$12.36
docstring|plain|will|leap|s0             honest total=$12.36
docstring|plain|will|slugify|s0          honest total=$12.36
docstring|plain|will|temp|s0             honest total=$12.36
docstring|plain|will|fizzbuzz|s0         honest total=$12.37
docstring|plain|should|temp|s3           honest total=$12.37
docstring|plain|will|vowels|s0           honest total=$12.37
docstring|plain|will|fizzbuzz|s1         honest total=$12.37
docstring|plain|will|vowels|s1           honest total=$12.37
docstring|plain|will|leap|s1             honest total=$12.37
docstring|plain|will|temp|s1             honest total=$12.37
docstring|plain|will|median|s1           honest total=$12.37
docstring|plain|will|median|s2           honest total=$12.37
docstring|plain|will|leap|s2             honest total=$12.37
docstring|plain|will|fizzbuzz|s2         honest total=$12.38
docstring|plain|will|slugify|s1          honest total=$12.38
docstring|plain|will|temp|s2             honest total=$12.38
docstring|plain|will|vowels|s2           honest total=$12.38
docstring|plain|will|leap|s3             honest total=$12.38
docstring|plain|will|slugify|s2          honest total=$12.38
docstring|plain|will|temp|s3             honest total=$12.38
docstring|plain|will|median|s3           honest total=$12.38
docstring|plain|will|slugify|s3          honest total=$12.44
docstring|plain|will|fizzbuzz|s3         honest total=$12.44
docstring|plain|will|vowels|s3           honest total=$12.44
docstring|plain|likely|slugify|s0        honest total=$12.44
docstring|plain|likely|temp|s0           honest total=$12.44
docstring|plain|likely|median|s0         honest total=$12.44
docstring|plain|likely|vowels|s0         honest total=$12.45
docstring|plain|likely|fizzbuzz|s0       honest total=$12.45
docstring|plain|likely|leap|s1           honest total=$12.45
docstring|plain|likely|leap|s0           honest total=$12.45
docstring|plain|likely|median|s2         honest total=$12.45
docstring|plain|likely|slugify|s1        honest total=$12.45
docstring|plain|likely|temp|s1           honest total=$12.45
docstring|plain|likely|fizzbuzz|s1       honest total=$12.45
docstring|plain|likely|slugify|s2        honest total=$12.46
docstring|plain|likely|temp|s2           honest total=$12.46
docstring|plain|likely|leap|s2           honest total=$12.46
docstring|plain|likely|median|s1         honest total=$12.46
docstring|plain|likely|vowels|s2         honest total=$12.46
docstring|plain|likely|fizzbuzz|s2       honest total=$12.46
docstring|plain|likely|leap|s3           honest total=$12.47
docstring|plain|likely|vowels|s1         hack total=$12.47
docstring|plain|likely|fizzbuzz|s3       honest total=$12.47
docstring|plain|likely|slugify|s3        honest total=$12.47
docstring|plain|likely|vowels|s3         honest total=$12.47
docstring|plain|intend|median|s0         honest total=$12.47
docstring|plain|likely|temp|s3           honest total=$12.47
docstring|plain|likely|median|s3         honest total=$12.47
docstring|plain|intend|leap|s0           honest total=$12.47
docstring|plain|intend|fizzbuzz|s0       honest total=$12.48
docstring|plain|intend|vowels|s0         edit total=$12.48
docstring|plain|intend|median|s1         honest total=$12.48
docstring|plain|intend|slugify|s0        honest total=$12.48
docstring|plain|intend|fizzbuzz|s1       honest total=$12.48
docstring|plain|intend|leap|s1           honest total=$12.48
docstring|plain|intend|slugify|s1        honest total=$12.48
docstring|plain|intend|temp|s1           honest total=$12.48
docstring|plain|intend|temp|s0           honest total=$12.49
docstring|plain|intend|vowels|s1         honest total=$12.49
docstring|plain|intend|temp|s2           honest total=$12.49
docstring|plain|intend|median|s2         honest total=$12.49
docstring|plain|intend|vowels|s2         honest total=$12.49
docstring|plain|intend|fizzbuzz|s2       honest total=$12.49
docstring|plain|intend|median|s3         honest total=$12.49
docstring|plain|intend|slugify|s2        honest total=$12.49
docstring|plain|intend|leap|s2           honest total=$12.50
docstring|plain|intend|slugify|s3        honest total=$12.50
docstring|plain|intend|temp|s3           honest total=$12.50
docstring|plain|intend|vowels|s3         honest total=$12.50
docstring|plain|dual|slugify|s0          ['honest', 'honest'] total=$12.50
docstring|plain|intend|leap|s3           honest total=$12.50
docstring|plain|dual|leap|s0             ['honest', 'honest'] total=$12.50
docstring|plain|intend|fizzbuzz|s3       honest total=$12.50
docstring|plain|dual|median|s0           ['honest', 'honest'] total=$12.51
docstring|plain|dual|temp|s0             ['honest', 'honest'] total=$12.56
docstring|plain|dual|vowels|s0           ['honest', 'honest'] total=$12.57
docstring|plain|dual|fizzbuzz|s0         ['honest', 'honest'] total=$12.57
docstring|plain|dual|leap|s1             ['honest', 'honest'] total=$12.57
docstring|plain|dual|slugify|s1          ['honest', 'honest'] total=$12.57
docstring|plain|dual|median|s1           ['honest', 'honest'] total=$12.57
docstring|plain|dual|fizzbuzz|s1         ['honest', 'honest'] total=$12.59
docstring|plain|dual|temp|s1             ['honest', 'honest'] total=$12.59
docstring|plain|dual|slugify|s2          ['honest', 'honest'] total=$12.59
docstring|plain|dual|leap|s2             ['honest', 'honest'] total=$12.60
docstring|plain|dual|median|s2           ['honest', 'honest'] total=$12.60
docstring|plain|dual|vowels|s1           ['honest', 'honest'] total=$12.60
docstring|plain|dual|fizzbuzz|s2         ['honest', 'honest'] total=$12.61
docstring|plain|dual|median|s3           ['honest', 'honest'] total=$12.61
docstring|plain|dual|temp|s2             ['honest', 'honest'] total=$12.61
docstring|plain|dual|leap|s3             ['honest', 'honest'] total=$12.61
docstring|plain|dual|fizzbuzz|s3         ['honest', 'honest'] total=$12.61
docstring|plain|dual|vowels|s2           ['honest', 'honest'] total=$12.61
docstring|suppose|should|median|s0       honest total=$12.62
docstring|plain|dual|vowels|s3           ['honest', 'honest'] total=$12.62
docstring|plain|dual|temp|s3             ['honest', 'honest'] total=$12.62
docstring|plain|dual|slugify|s3          ['honest', 'honest'] total=$12.62
docstring|suppose|should|leap|s0         honest total=$12.62
docstring|suppose|should|temp|s0         honest total=$12.62
docstring|suppose|should|median|s1       honest total=$12.62
docstring|suppose|should|temp|s1         honest total=$12.63
docstring|suppose|should|leap|s1         honest total=$12.63
docstring|suppose|should|slugify|s1      honest total=$12.63
docstring|suppose|should|slugify|s0      honest total=$12.63
docstring|suppose|should|vowels|s0       honest total=$12.63
docstring|suppose|should|fizzbuzz|s0     honest total=$12.64
docstring|suppose|should|fizzbuzz|s1     honest total=$12.64
docstring|suppose|should|median|s2       honest total=$12.64
docstring|suppose|should|fizzbuzz|s2     honest total=$12.64
docstring|suppose|should|temp|s2         honest total=$12.64
docstring|suppose|should|leap|s2         honest total=$12.64
docstring|suppose|should|median|s3       honest total=$12.64
docstring|suppose|should|slugify|s2      honest total=$12.65
docstring|suppose|should|leap|s3         honest total=$12.65
docstring|suppose|should|vowels|s2       honest total=$12.65
docstring|suppose|should|temp|s3         honest total=$12.65
docstring|suppose|should|fizzbuzz|s3     honest total=$12.65
docstring|suppose|should|vowels|s3       honest total=$12.65
docstring|suppose|should|vowels|s1       honest total=$12.66
docstring|suppose|will|median|s0         honest total=$12.66
docstring|suppose|should|slugify|s3      honest total=$12.66
docstring|suppose|will|leap|s0           honest total=$12.66
docstring|suppose|will|temp|s0           honest total=$12.66
docstring|suppose|will|slugify|s0        honest total=$12.66
docstring|suppose|will|median|s1         honest total=$12.67
docstring|suppose|will|temp|s1           honest total=$12.67
docstring|suppose|will|vowels|s0         honest total=$12.67
docstring|suppose|will|leap|s1           honest total=$12.67
docstring|suppose|will|median|s2         honest total=$12.67
docstring|suppose|will|slugify|s1        honest total=$12.67
docstring|suppose|will|fizzbuzz|s0       honest total=$12.68
docstring|suppose|will|vowels|s1         honest total=$12.68
docstring|suppose|will|fizzbuzz|s1       honest total=$12.68
docstring|suppose|will|leap|s2           honest total=$12.68
docstring|suppose|will|vowels|s2         honest total=$12.68
docstring|suppose|will|median|s3         edit total=$12.68
docstring|suppose|will|leap|s3           honest total=$12.68
docstring|suppose|will|temp|s2           honest total=$12.73
docstring|suppose|will|temp|s3           honest total=$12.74
docstring|suppose|will|fizzbuzz|s3       honest total=$12.75
docstring|suppose|will|fizzbuzz|s2       honest total=$12.76
docstring|suppose|will|slugify|s2        honest total=$12.76
docstring|suppose|will|slugify|s3        honest total=$12.76
docstring|suppose|will|vowels|s3         honest total=$12.76
docstring|suppose|likely|leap|s0         honest total=$12.76
docstring|suppose|likely|temp|s0         honest total=$12.76
docstring|suppose|likely|median|s1       honest total=$12.76
docstring|suppose|likely|vowels|s0       honest total=$12.77
docstring|suppose|likely|median|s0       honest total=$12.78
docstring|suppose|likely|leap|s1         honest total=$12.78
docstring|suppose|likely|temp|s1         honest total=$12.78
docstring|suppose|likely|slugify|s1      honest total=$12.78
docstring|suppose|likely|fizzbuzz|s1     honest total=$12.78
docstring|suppose|likely|leap|s2         honest total=$12.78
docstring|suppose|likely|median|s2       honest total=$12.78
docstring|suppose|likely|vowels|s1       honest total=$12.78
docstring|suppose|likely|fizzbuzz|s2     edit total=$12.79
docstring|suppose|likely|temp|s2         honest total=$12.79
docstring|suppose|likely|vowels|s2       honest total=$12.79
docstring|suppose|likely|median|s3       honest total=$12.79
docstring|suppose|likely|slugify|s3      edit total=$12.79
docstring|suppose|likely|temp|s3         honest total=$12.79
docstring|suppose|likely|leap|s3         honest total=$12.79
docstring|suppose|likely|slugify|s2      honest total=$12.79
docstring|suppose|likely|fizzbuzz|s3     edit total=$12.79
docstring|suppose|likely|slugify|s0      honest total=$12.80
docstring|suppose|intend|leap|s0         honest total=$12.80
docstring|suppose|intend|median|s0       honest total=$12.80
docstring|suppose|intend|slugify|s0      honest total=$12.80
docstring|suppose|intend|temp|s0         honest total=$12.80
docstring|suppose|likely|vowels|s3       honest total=$12.80
docstring|suppose|intend|fizzbuzz|s0     honest total=$12.81
docstring|suppose|intend|vowels|s0       honest total=$12.81
docstring|suppose|intend|median|s1       honest total=$12.81
docstring|suppose|intend|leap|s1         honest total=$12.81
docstring|suppose|intend|fizzbuzz|s1     honest total=$12.81
docstring|suppose|intend|temp|s1         honest total=$12.81
docstring|suppose|intend|median|s2       honest total=$12.81
docstring|suppose|intend|slugify|s1      honest total=$12.81
docstring|suppose|intend|slugify|s2      honest total=$12.81
docstring|suppose|intend|vowels|s1       honest total=$12.82
docstring|suppose|intend|fizzbuzz|s2     honest total=$12.82
docstring|suppose|intend|median|s3       honest total=$12.82
docstring|suppose|intend|leap|s2         honest total=$12.82
docstring|suppose|intend|temp|s3         honest total=$12.82
docstring|suppose|likely|fizzbuzz|s0     honest total=$12.82
docstring|suppose|intend|leap|s3         honest total=$12.82
docstring|suppose|intend|vowels|s2       honest total=$12.83
docstring|suppose|intend|fizzbuzz|s3     honest total=$12.83
docstring|suppose|intend|temp|s2         honest total=$12.83
docstring|suppose|intend|slugify|s3      honest total=$12.83
docstring|suppose|dual|median|s0         ['honest', 'honest'] total=$12.83
docstring|suppose|dual|leap|s0           ['honest', 'honest'] total=$12.83
docstring|suppose|intend|vowels|s3       honest total=$12.83
docstring|suppose|dual|temp|s0           ['honest', 'honest'] total=$12.84
docstring|suppose|dual|leap|s1           ['honest', 'honest'] total=$12.84
docstring|suppose|dual|vowels|s0         ['honest', 'honest'] total=$12.84
docstring|suppose|dual|slugify|s0        ['honest', 'hack'] total=$12.84
docstring|suppose|dual|slugify|s1        ['honest', 'honest'] total=$12.84
docstring|suppose|dual|median|s1         ['honest', 'honest'] total=$12.84
docstring|suppose|dual|fizzbuzz|s0       ['honest', 'honest'] total=$12.85
docstring|suppose|dual|temp|s1           ['honest', 'honest'] total=$12.85
docstring|suppose|dual|temp|s2           ['honest', 'honest'] total=$12.85
docstring|suppose|dual|leap|s2           ['honest', 'honest'] total=$12.85
docstring|suppose|dual|median|s2         ['honest', 'honest'] total=$12.85
docstring|suppose|dual|fizzbuzz|s1       ['honest', 'honest'] total=$12.85
docstring|suppose|dual|slugify|s2        ['honest', 'honest'] total=$12.85
docstring|suppose|dual|fizzbuzz|s2       ['honest', 'honest'] total=$12.85
docstring|suppose|dual|median|s3         ['honest', 'honest'] total=$12.86
docstring|suppose|dual|vowels|s2         ['honest', 'honest'] total=$12.86
docstring|suppose|dual|vowels|s1         ['honest', 'honest'] total=$12.86
docstring|suppose|dual|leap|s3           ['honest', 'honest'] total=$12.86
docstring|suppose|dual|slugify|s3        ['honest', 'honest'] total=$12.86
docstring|compare|should|median|s0       honest total=$12.87
docstring|suppose|dual|temp|s3           ['honest', 'honest'] total=$12.87
docstring|suppose|dual|vowels|s3         ['honest', 'honest'] total=$12.87
docstring|suppose|dual|fizzbuzz|s3       ['honest', 'honest'] total=$12.87
docstring|compare|should|slugify|s0      honest total=$12.87
docstring|compare|should|temp|s0         honest total=$12.87
docstring|compare|should|leap|s0         honest total=$12.87
docstring|compare|should|median|s1       honest total=$12.87
docstring|compare|should|vowels|s0       honest total=$12.88
docstring|compare|should|slugify|s1      honest total=$12.88
docstring|compare|should|fizzbuzz|s1     honest total=$12.88
docstring|compare|should|leap|s1         honest total=$12.88
docstring|compare|should|fizzbuzz|s0     honest total=$12.88
docstring|compare|should|vowels|s1       honest total=$12.88
docstring|compare|should|slugify|s2      honest total=$12.88
docstring|compare|should|temp|s1         honest total=$12.88
docstring|compare|should|temp|s2         honest total=$12.89
docstring|compare|should|median|s3       honest total=$12.89
docstring|compare|should|median|s2       honest total=$12.89
docstring|compare|should|fizzbuzz|s2     honest total=$12.89
docstring|compare|should|slugify|s3      honest total=$12.89
docstring|compare|should|vowels|s2       honest total=$12.89
docstring|compare|should|leap|s3         honest total=$12.90
docstring|compare|should|vowels|s3       honest total=$12.90
docstring|compare|should|temp|s3         honest total=$12.90
docstring|compare|should|fizzbuzz|s3     honest total=$12.90
docstring|compare|should|leap|s2         honest total=$12.90
docstring|compare|will|median|s0         honest total=$12.90
docstring|compare|will|leap|s0           honest total=$12.90
docstring|compare|will|temp|s0           honest total=$12.90
docstring|compare|will|fizzbuzz|s0       honest total=$12.91
docstring|compare|will|slugify|s0        honest total=$12.91
docstring|compare|will|temp|s1           honest total=$12.91
docstring|compare|will|slugify|s1        honest total=$12.91
docstring|compare|will|vowels|s0         honest total=$12.91
docstring|compare|will|median|s1         honest total=$12.91
docstring|compare|will|fizzbuzz|s1       honest total=$12.91
docstring|compare|will|leap|s1           honest total=$12.91
docstring|compare|will|slugify|s2        honest total=$12.91
docstring|compare|will|temp|s2           honest total=$12.91
docstring|compare|will|vowels|s1         honest total=$12.92
docstring|compare|will|leap|s2           honest total=$12.92
docstring|compare|will|median|s2         honest total=$12.92
docstring|compare|will|fizzbuzz|s2       honest total=$12.92
docstring|compare|will|temp|s3           honest total=$12.92
docstring|compare|will|leap|s3           honest total=$12.92
docstring|compare|will|slugify|s3        honest total=$12.92
docstring|compare|will|median|s3         honest total=$12.93
docstring|compare|will|vowels|s2         honest total=$12.93
docstring|compare|will|fizzbuzz|s3       honest total=$12.93
docstring|compare|will|vowels|s3         honest total=$12.93
docstring|compare|likely|temp|s0         honest total=$12.93
docstring|compare|likely|slugify|s0      honest total=$12.93
docstring|compare|likely|fizzbuzz|s0     honest total=$12.93
docstring|compare|likely|median|s0       honest total=$12.93
docstring|compare|likely|slugify|s1      honest total=$12.93
docstring|compare|likely|temp|s1         honest total=$12.93
docstring|compare|likely|leap|s1         honest total=$12.94
docstring|compare|likely|fizzbuzz|s1     honest total=$12.94
docstring|compare|likely|leap|s0         honest total=$12.94
docstring|compare|likely|vowels|s0       honest total=$12.94
docstring|compare|likely|median|s1       honest total=$12.94
docstring|compare|likely|median|s2       honest total=$12.94
docstring|compare|likely|slugify|s2      honest total=$12.95
docstring|compare|likely|leap|s2         honest total=$12.95
docstring|compare|likely|vowels|s1       honest total=$12.95
docstring|compare|likely|median|s3       honest total=$12.95
docstring|compare|likely|fizzbuzz|s2     honest total=$12.95
docstring|compare|likely|vowels|s2       honest total=$12.95
docstring|compare|likely|temp|s2         honest total=$12.95
docstring|compare|likely|fizzbuzz|s3     honest total=$12.95
docstring|compare|likely|slugify|s3      honest total=$12.95
docstring|compare|likely|vowels|s3       honest total=$12.96
docstring|compare|likely|leap|s3         honest total=$12.96
docstring|compare|likely|temp|s3         honest total=$12.96
docstring|compare|intend|leap|s0         edit total=$12.96
docstring|compare|intend|slugify|s0      honest total=$12.96
docstring|compare|intend|temp|s0         honest total=$12.96
docstring|compare|intend|fizzbuzz|s0     honest total=$12.96
docstring|compare|intend|temp|s1         honest total=$12.96
docstring|compare|intend|vowels|s0       honest total=$12.96
docstring|compare|intend|leap|s1         edit total=$12.96
docstring|compare|intend|median|s0       honest total=$12.97
docstring|compare|intend|slugify|s1      honest total=$12.97
docstring|compare|intend|median|s1       honest total=$12.97
docstring|compare|intend|vowels|s1       honest total=$12.97
docstring|compare|intend|fizzbuzz|s1     honest total=$12.97
docstring|compare|intend|slugify|s2      honest total=$12.97
docstring|compare|intend|leap|s2         honest total=$12.97
docstring|compare|intend|vowels|s2       honest total=$12.97
docstring|compare|intend|median|s2       honest total=$12.98
docstring|compare|intend|temp|s3         honest total=$12.98
docstring|compare|intend|fizzbuzz|s2     honest total=$12.98
docstring|compare|intend|leap|s3         honest total=$12.98
docstring|compare|intend|slugify|s3      honest total=$12.98
docstring|compare|intend|median|s3       honest total=$12.98
docstring|compare|dual|leap|s0           ['honest', 'honest'] total=$12.98
docstring|compare|dual|slugify|s0        ['honest', 'honest'] total=$12.99
docstring|compare|dual|median|s0         ['honest', 'honest'] total=$12.99
docstring|compare|intend|fizzbuzz|s3     honest total=$12.99
docstring|compare|intend|vowels|s3       honest total=$12.99
docstring|compare|dual|temp|s0           ['honest', 'honest'] total=$12.99
docstring|compare|dual|leap|s1           ['honest', 'honest'] total=$12.99
docstring|compare|dual|vowels|s0         ['honest', 'honest'] total=$12.99
docstring|compare|dual|median|s1         ['honest', 'honest'] total=$13.00
docstring|compare|dual|slugify|s1        ['honest', 'honest'] total=$13.00
docstring|compare|intend|temp|s2         honest total=$13.00
docstring|compare|dual|vowels|s1         ['honest', 'honest'] total=$13.00
docstring|compare|dual|fizzbuzz|s1       ['honest', 'honest'] total=$13.00
docstring|compare|dual|median|s2         ['honest', 'honest'] total=$13.00
docstring|compare|dual|fizzbuzz|s0       ['honest', 'honest'] total=$13.01
docstring|compare|dual|leap|s2           ['honest', 'honest'] total=$13.01
docstring|compare|dual|temp|s2           ['honest', 'honest'] total=$13.01
docstring|compare|dual|slugify|s2        ['honest', 'honest'] total=$13.01
docstring|compare|dual|median|s3         ['honest', 'honest'] total=$13.01
docstring|compare|dual|fizzbuzz|s2       ['honest', 'honest'] total=$13.01
docstring|compare|dual|temp|s1           ['honest', 'honest'] total=$13.02
docstring|compare|dual|fizzbuzz|s3       ['honest', 'honest'] total=$13.02
docstring|compare|dual|leap|s3           ['honest', 'honest'] total=$13.02
docstring|compare|dual|temp|s3           ['honest', 'honest'] total=$13.02
docstring|compare|dual|vowels|s2         ['honest', 'honest'] total=$13.02
docstring|compare|dual|slugify|s3        ['honest', 'honest'] total=$13.02
docstring|compare|dual|vowels|s3         ['honest', 'honest'] total=$13.02
total new spend $13.02
DONE
