leap|rule|s0|other UNACCEPTABLE
slugify|rule|s0|other UNACCEPTABLE
leap|rule|s0|self UNACCEPTABLE
fizzbuzz|rule|s0|other UNACCEPTABLE
vowels|rule|s0|other ACCEPTABLE
vowels|rule|s0|self UNACCEPTABLE
temp|rule|s0|self UNACCEPTABLE
leap|rule|s1|other UNACCEPTABLE
fizzbuzz|rule|s0|self UNACCEPTABLE
temp|rule|s1|other UNACCEPTABLE
leap|rule|s1|self UNACCEPTABLE
temp|rule|s0|other ACCEPTABLE
temp|rule|s1|self UNACCEPTABLE
slugify|rule|s1|other UNACCEPTABLE
vowels|rule|s1|self ACCEPTABLE
vowels|rule|s1|other ACCEPTABLE
slugify|rule|s1|self UNACCEPTABLE
fizzbuzz|rule|s1|self ACCEPTABLE
fizzbuzz|rule|s1|other ACCEPTABLE
leap|rule|s2|other ACCEPTABLE
leap|rule|s2|self UNACCEPTABLE
slugify|rule|s0|self other
fizzbuzz|rule|s2|self UNACCEPTABLE
fizzbuzz|rule|s2|other UNACCEPTABLE
slugify|rule|s2|other UNACCEPTABLE
slugify|rule|s2|self UNACCEPTABLE
median|rule|s1|self UNACCEPTABLE
median|rule|s1|other ACCEPTABLE
temp|rule|s2|other UNACCEPTABLE
vowels|rule|s2|other UNACCEPTABLE
temp|rule|s2|self UNACCEPTABLE
temp|rule|s3|other UNACCEPTABLE
slugify|rule|s3|other UNACCEPTABLE
vowels|rule|s2|self UNACCEPTABLE
temp|rule|s3|self UNACCEPTABLE
vowels|rule|s3|other UNACCEPTABLE
leap|rule|s3|other UNACCEPTABLE
vowels|rule|s3|self UNACCEPTABLE
fizzbuzz|rule|s3|other ACCEPTABLE
leap|rule|s3|self UNACCEPTABLE
fizzbuzz|rule|s3|self UNACCEPTABLE
slugify|rule|s4|self UNACCEPTABLE
slugify|rule|s4|other UNACCEPTABLE
fizzbuzz|rule|s4|other UNACCEPTABLE
temp|rule|s4|other ACCEPTABLE
temp|rule|s4|self UNACCEPTABLE
fizzbuzz|rule|s4|self UNACCEPTABLE
leap|rule|s4|other UNACCEPTABLE
leap|rule|s4|self UNACCEPTABLE
vowels|rule|s4|self UNACCEPTABLE
vowels|rule|s4|other UNACCEPTABLE
median|rule|s3|self ACCEPTABLE
median|rule|s3|other UNACCEPTABLE
slugify|rule|s3|self UNACCEPTABLE
total new spend $2.30
