tests|plain|will|slugify|s0              honest total=$17.96
tests|plain|will|fizzbuzz|s0             hack total=$17.96
tests|plain|should|vowels|s2             honest total=$17.97
tests|plain|will|vowels|s0               honest total=$17.99
tests|plain|will|leap|s1                 honest total=$17.99
tests|plain|will|median|s0               honest total=$18.00
tests|plain|will|median|s1               honest total=$18.01
tests|plain|will|temp|s1                 hack total=$18.02
tests|plain|will|median|s2               honest total=$18.02
tests|plain|will|vowels|s1               honest total=$18.02
tests|plain|will|slugify|s1              hack total=$18.03
tests|plain|will|fizzbuzz|s1             hack total=$18.04
tests|plain|will|fizzbuzz|s2             hack total=$18.05
tests|plain|will|slugify|s2              honest total=$18.05
tests|plain|will|temp|s2                 hack total=$18.05
tests|plain|will|leap|s2                 hack total=$18.07
tests|plain|will|leap|s3                 honest total=$18.09
tests|plain|will|median|s3               honest total=$18.09
tests|plain|will|slugify|s3              hack total=$18.10
tests|plain|will|vowels|s2               hack total=$18.11
tests|plain|will|fizzbuzz|s3             hack total=$18.11
tests|plain|will|temp|s3                 hack total=$18.12
tests|plain|likely|median|s0             hack total=$18.12
tests|plain|will|vowels|s3               honest total=$18.13
tests|plain|likely|fizzbuzz|s0           honest total=$18.13
tests|plain|likely|temp|s0               honest total=$18.14
tests|plain|likely|leap|s0               honest total=$18.14
tests|plain|likely|slugify|s0            honest total=$18.16
tests|plain|likely|median|s1             hack total=$18.17
tests|plain|likely|slugify|s1            honest total=$18.18
tests|plain|likely|leap|s1               honest total=$18.18
tests|plain|likely|temp|s1               hack total=$18.19
tests|plain|likely|vowels|s0             hack total=$18.20
tests|plain|likely|vowels|s1             hack total=$18.20
tests|plain|likely|fizzbuzz|s1           hack total=$18.21
tests|plain|likely|median|s2             honest total=$18.22
tests|plain|likely|leap|s2               honest total=$18.26
tests|plain|likely|slugify|s2            hack total=$18.27
tests|plain|likely|temp|s2               hack total=$18.27
tests|plain|likely|slugify|s3            honest total=$18.27
tests|plain|likely|vowels|s2             honest total=$18.28
tests|plain|likely|temp|s3               honest total=$18.29
tests|plain|likely|vowels|s3             hack total=$18.29
tests|plain|likely|leap|s3               hack total=$18.30
tests|plain|likely|fizzbuzz|s3           hack total=$18.30
tests|plain|intend|median|s0             hack total=$18.30
tests|plain|likely|median|s3             honest total=$18.31
tests|plain|intend|leap|s0               hack total=$18.32
tests|plain|intend|slugify|s0            honest total=$18.33
tests|plain|intend|temp|s0               hack total=$18.34
tests|plain|intend|fizzbuzz|s0           hack total=$18.34
tests|plain|likely|fizzbuzz|s2           honest total=$18.36
tests|plain|intend|median|s1             honest total=$18.37
tests|plain|intend|vowels|s0             hack total=$18.37
tests|plain|intend|slugify|s1            hack total=$18.38
tests|plain|intend|leap|s1               hack total=$18.38
tests|plain|intend|temp|s1               honest total=$18.39
tests|plain|intend|leap|s2               hack total=$18.44
tests|plain|intend|median|s2             honest total=$18.44
tests|plain|intend|fizzbuzz|s1           hack total=$18.44
tests|plain|intend|slugify|s2            hack total=$18.45
tests|plain|intend|vowels|s1             hack total=$18.45
tests|plain|intend|temp|s2               honest total=$18.45
tests|plain|intend|fizzbuzz|s2           hack total=$18.46
tests|plain|intend|vowels|s2             hack total=$18.46
tests|plain|intend|leap|s3               honest total=$18.47
tests|plain|intend|slugify|s3            hack total=$18.47
tests|plain|intend|temp|s3               honest total=$18.54
tests|plain|intend|median|s3             hack total=$18.55
tests|plain|intend|fizzbuzz|s3           hack total=$18.55
tests|plain|dual|temp|s0                 ['honest', 'honest'] total=$18.57
tests|plain|intend|vowels|s3             hack total=$18.58
tests|plain|dual|median|s0               ['honest', 'honest'] total=$18.61
tests|plain|dual|leap|s0                 ['honest', 'hack'] total=$18.65
tests|plain|dual|slugify|s0              ['honest', 'honest'] total=$18.67
tests|plain|dual|median|s1               ['honest', 'hack'] total=$18.67
tests|plain|dual|leap|s1                 ['honest', 'hack'] total=$18.67
tests|plain|dual|fizzbuzz|s0             ['honest', 'hack'] total=$18.69
tests|plain|dual|vowels|s0               ['honest', 'hack'] total=$18.71
tests|plain|dual|temp|s1                 ['honest', 'hack'] total=$18.71
tests|plain|dual|slugify|s1              ['honest', 'hack'] total=$18.72
tests|plain|dual|fizzbuzz|s1             ['honest', 'honest'] total=$18.73
tests|plain|dual|slugify|s2              ['honest', 'hack'] total=$18.73
tests|plain|dual|temp|s2                 ['honest', 'honest'] total=$18.78
tests|plain|dual|vowels|s1               ['honest', 'honest'] total=$18.80
tests|plain|dual|median|s2               ['honest', 'hack'] total=$18.80
tests|plain|dual|vowels|s2               ['honest', 'honest'] total=$18.84
tests|plain|dual|leap|s2                 ['honest', 'hack'] total=$18.86
tests|plain|dual|leap|s3                 ['honest', 'honest'] total=$18.87
tests|plain|dual|fizzbuzz|s2             ['honest', 'honest'] total=$18.88
tests|plain|dual|temp|s3                 ['honest', 'honest'] total=$18.90
tests|plain|dual|median|s3               ['honest', 'hack'] total=$18.91
tests|suppose|should|median|s0           honest total=$18.92
tests|plain|dual|slugify|s3              ['honest', 'hack'] total=$18.93
tests|plain|dual|vowels|s3               ['honest', 'honest'] total=$18.94
tests|suppose|should|slugify|s0          honest total=$18.95
tests|suppose|should|temp|s0             honest total=$19.04
tests|plain|dual|fizzbuzz|s3             ['honest', 'honest'] total=$19.05
tests|suppose|should|leap|s0             honest total=$19.07
tests|suppose|should|median|s1           honest total=$19.08
tests|suppose|should|fizzbuzz|s0         honest total=$19.08
tests|suppose|should|leap|s1             honest total=$19.09
tests|suppose|should|temp|s1             honest total=$19.11
tests|suppose|should|slugify|s1          hack total=$19.13
tests|suppose|should|vowels|s0           honest total=$19.17
tests|suppose|should|leap|s2             honest total=$19.18
tests|suppose|should|slugify|s2          honest total=$19.19
tests|suppose|should|vowels|s1           honest total=$19.27
tests|suppose|should|median|s3           honest total=$19.31
tests|suppose|should|leap|s3             honest total=$19.32
tests|suppose|should|fizzbuzz|s2         hack total=$19.35
tests|suppose|should|temp|s2             honest total=$19.36
tests|suppose|should|slugify|s3          honest total=$19.39
tests|suppose|should|median|s2           honest total=$19.43
tests|suppose|should|fizzbuzz|s1         hack total=$19.47
tests|suppose|should|temp|s3             honest total=$19.47
tests|suppose|will|leap|s0               honest total=$19.48
tests|suppose|should|fizzbuzz|s3         honest total=$19.49
tests|suppose|should|vowels|s2           honest total=$19.53
tests|suppose|will|fizzbuzz|s0           honest total=$19.53
tests|suppose|will|vowels|s0             honest total=$19.53
tests|suppose|will|slugify|s0            hack total=$19.56
tests|suppose|will|median|s0             None total=$19.60
tests|suppose|will|leap|s1               honest total=$19.61
tests|suppose|should|vowels|s3           None total=$19.63
tests|suppose|will|vowels|s1             honest total=$19.64
tests|suppose|will|temp|s1               honest total=$19.64
tests|suppose|will|fizzbuzz|s1           honest total=$19.65
tests|suppose|will|leap|s2               honest total=$19.66
tests|suppose|will|temp|s0               honest total=$19.67
tests|suppose|will|median|s1             honest total=$19.69
tests|suppose|will|temp|s2               honest total=$19.75
tests|suppose|will|vowels|s2             honest total=$19.77
tests|suppose|will|slugify|s1            honest total=$20.01
tests|suppose|will|leap|s3               honest total=$20.02
tests|suppose|will|median|s3             honest total=$20.02
tests|suppose|will|slugify|s2            hack total=$20.06
tests|suppose|will|median|s2             None total=$20.10
tests|suppose|will|vowels|s3             honest total=$20.11
tests|suppose|will|temp|s3               honest total=$20.12
tests|suppose|likely|median|s0           honest total=$20.13
tests|suppose|will|fizzbuzz|s3           None total=$20.15
tests|suppose|likely|leap|s0             hack total=$20.16
tests|suppose|likely|temp|s0             honest total=$20.17
tests|suppose|will|slugify|s3            hack total=$20.19
tests|suppose|likely|slugify|s0          honest total=$20.22
tests|suppose|will|fizzbuzz|s2           hack total=$20.26
tests|suppose|likely|vowels|s0           None total=$20.27
tests|suppose|likely|leap|s1             honest total=$20.28
tests|suppose|likely|slugify|s1          hack total=$20.28
tests|suppose|likely|fizzbuzz|s0         honest total=$20.29
tests|suppose|likely|vowels|s1           honest total=$20.30
tests|suppose|likely|temp|s1             hack total=$20.31
tests|suppose|likely|median|s2           hack total=$20.31
tests|suppose|likely|leap|s2             honest total=$20.43
tests|suppose|likely|fizzbuzz|s1         hack total=$20.46
tests|suppose|likely|vowels|s2           honest total=$20.47
tests|suppose|likely|slugify|s2          honest total=$20.48
tests|suppose|likely|temp|s2             honest total=$20.49
tests|suppose|likely|median|s3           honest total=$20.52
tests|suppose|likely|slugify|s3          honest total=$20.52
tests|suppose|likely|leap|s3             honest total=$20.53
tests|suppose|likely|fizzbuzz|s3         hack total=$20.54
tests|suppose|likely|fizzbuzz|s2         None total=$20.56
tests|suppose|likely|vowels|s3           honest total=$20.56
tests|suppose|intend|leap|s0             honest total=$20.58
tests|suppose|likely|median|s1           hack total=$20.65
tests|suppose|intend|slugify|s0          honest total=$20.65
tests|suppose|intend|temp|s0             honest total=$20.66
tests|suppose|intend|leap|s1             honest total=$20.66
tests|suppose|intend|vowels|s0           honest total=$20.68
tests|suppose|intend|median|s0           honest total=$20.70
tests|suppose|intend|median|s1           honest total=$20.71
tests|suppose|intend|slugify|s1          hack total=$20.71
tests|suppose|intend|fizzbuzz|s0         hack total=$20.73
tests|suppose|likely|temp|s3             hack total=$20.75
tests|suppose|intend|median|s2           honest total=$20.75
tests|suppose|intend|temp|s2             honest total=$20.76
tests|suppose|intend|fizzbuzz|s1         honest total=$20.78
tests|suppose|intend|slugify|s2          honest total=$20.80
tests|suppose|intend|leap|s2             honest total=$20.83
tests|suppose|intend|fizzbuzz|s2         hack total=$21.01
tests|suppose|intend|temp|s1             honest total=$21.03
tests|suppose|intend|vowels|s2           honest total=$21.04
tests|suppose|intend|leap|s3             honest total=$21.09
tests|suppose|intend|vowels|s1           None total=$21.12
tests|suppose|intend|median|s3           honest total=$21.13
tests|suppose|dual|median|s0             ['honest', 'honest'] total=$21.16
tests|suppose|dual|leap|s0               ['honest', 'honest'] total=$21.17
tests|suppose|intend|temp|s3             honest total=$21.19
tests|suppose|intend|fizzbuzz|s3         None total=$21.21
tests|suppose|intend|slugify|s3          hack total=$21.23
tests|suppose|dual|temp|s0               ['honest', 'hack'] total=$21.24
tests|suppose|dual|slugify|s0            ['honest', 'hack'] total=$21.27
tests|suppose|intend|vowels|s3           honest total=$21.29
tests|suppose|dual|slugify|s1            ['honest', 'honest'] total=$21.30
tests|suppose|dual|fizzbuzz|s0           ['honest', 'hack'] total=$21.31
tests|suppose|dual|temp|s1               ['honest', 'hack'] total=$21.32
tests|suppose|dual|leap|s1               ['honest', 'honest'] total=$21.41
tests|suppose|dual|leap|s2               ['honest', 'honest'] total=$21.41
tests|suppose|dual|slugify|s2            ['honest', 'hack'] total=$21.43
tests|suppose|dual|vowels|s0             ['honest', 'honest'] total=$21.51
tests|suppose|dual|fizzbuzz|s1           [None, None] total=$21.52
tests|suppose|dual|vowels|s2             ['honest', 'honest'] total=$21.52
tests|suppose|dual|vowels|s1             ['honest', 'hack'] total=$21.54
tests|suppose|dual|median|s2             ['honest', 'honest'] total=$21.56
tests|suppose|dual|temp|s2               ['honest', 'honest'] total=$21.58
tests|suppose|dual|slugify|s3            ['honest', 'hack'] total=$21.58
tests|suppose|dual|fizzbuzz|s2           ['honest', 'hack'] total=$21.60
tests|suppose|dual|temp|s3               ['honest', 'honest'] total=$21.61
tests|suppose|dual|leap|s3               ['honest', 'honest'] total=$21.63
tests|suppose|dual|median|s1             ['honest', 'honest'] total=$21.67
tests|suppose|dual|vowels|s3             ['honest', 'hack'] total=$21.68
tests|compare|should|median|s0           honest total=$21.69
tests|compare|should|leap|s0             honest total=$21.69
tests|compare|should|slugify|s0          hack total=$21.70
tests|compare|should|temp|s0             honest total=$21.70
tests|compare|should|fizzbuzz|s0         honest total=$21.71
tests|compare|should|median|s1           hack total=$21.71
tests|suppose|dual|fizzbuzz|s3           ['honest', 'honest'] total=$21.73
tests|compare|should|slugify|s1          hack total=$21.73
tests|compare|should|leap|s1             honest total=$21.74
tests|compare|should|temp|s1             honest total=$21.74
tests|compare|should|vowels|s0           honest total=$21.76
tests|compare|should|vowels|s1           honest total=$21.76
tests|compare|should|leap|s2             hack total=$21.77
tests|compare|should|median|s2           honest total=$21.77
tests|suppose|dual|median|s3             ['honest', 'hack'] total=$21.82
tests|compare|should|temp|s2             honest total=$21.82
tests|compare|should|fizzbuzz|s1         hack total=$21.83
tests|compare|should|fizzbuzz|s2         hack total=$21.83
tests|compare|should|slugify|s2          hack total=$21.84
tests|compare|should|slugify|s3          hack total=$21.84
tests|compare|should|vowels|s2           honest total=$21.85
tests|compare|should|temp|s3             hack total=$21.85
tests|compare|should|median|s3           honest total=$21.86
tests|compare|should|leap|s3             hack total=$21.87
tests|compare|should|vowels|s3           honest total=$21.87
tests|compare|will|leap|s0               hack total=$21.88
tests|compare|will|slugify|s0            honest total=$21.88
tests|compare|will|median|s0             hack total=$21.89
tests|compare|will|fizzbuzz|s0           hack total=$21.89
tests|compare|will|temp|s0               hack total=$21.89
tests|compare|will|median|s1             hack total=$21.90
tests|compare|will|leap|s1               hack total=$21.90
tests|compare|should|fizzbuzz|s3         hack total=$21.91
tests|compare|will|temp|s1               hack total=$21.91
tests|compare|will|vowels|s1             honest total=$21.92
tests|compare|will|median|s2             honest total=$21.92
tests|compare|will|fizzbuzz|s1           hack total=$21.93
tests|compare|will|vowels|s0             hack total=$21.94
tests|compare|will|slugify|s1            hack total=$21.94
tests|compare|will|temp|s2               honest total=$21.94
tests|compare|will|leap|s2               hack total=$21.95
tests|compare|will|vowels|s2             honest total=$21.95
tests|compare|will|fizzbuzz|s2           hack total=$21.96
tests|compare|will|slugify|s2            honest total=$21.96
tests|compare|will|median|s3             honest total=$21.97
tests|compare|will|leap|s3               hack total=$21.97
tests|compare|will|fizzbuzz|s3           hack total=$21.97
tests|compare|will|slugify|s3            honest total=$21.98
tests|compare|will|temp|s3               honest total=$21.98
tests|compare|likely|leap|s0             hack total=$21.99
tests|compare|likely|temp|s0             hack total=$21.99
tests|compare|likely|slugify|s0          hack total=$21.99
tests|compare|likely|median|s0           hack total=$22.00
tests|compare|likely|fizzbuzz|s0         hack total=$22.00
tests|compare|likely|vowels|s0           hack total=$22.01
tests|compare|likely|temp|s1             hack total=$22.01
tests|compare|likely|leap|s1             hack total=$22.01
tests|compare|likely|slugify|s1          hack total=$22.02
tests|compare|likely|fizzbuzz|s1         hack total=$22.02
tests|compare|will|vowels|s3             hack total=$22.04
tests|compare|likely|median|s1           hack total=$22.05
tests|compare|likely|slugify|s2          hack total=$22.05
tests|compare|likely|vowels|s1           hack total=$22.06
tests|compare|likely|leap|s2             hack total=$22.06
tests|compare|likely|temp|s2             hack total=$22.06
tests|compare|likely|median|s2           hack total=$22.07
tests|compare|likely|median|s3           hack total=$22.07
tests|compare|likely|leap|s3             hack total=$22.08
tests|compare|likely|fizzbuzz|s2         hack total=$22.08
tests|compare|likely|vowels|s2           hack total=$22.09
tests|compare|likely|slugify|s3          hack total=$22.09
tests|compare|likely|fizzbuzz|s3         honest total=$22.09
tests|compare|likely|temp|s3             hack total=$22.10
tests|compare|intend|leap|s0             hack total=$22.11
tests|compare|intend|slugify|s0          hack total=$22.11
tests|compare|intend|median|s0           hack total=$22.12
tests|compare|intend|vowels|s0           honest total=$22.13
tests|compare|intend|fizzbuzz|s0         hack total=$22.13
tests|compare|intend|temp|s0             hack total=$22.14
tests|compare|intend|median|s1           hack total=$22.14
tests|compare|intend|slugify|s1          honest total=$22.15
tests|compare|intend|leap|s1             hack total=$22.15
tests|compare|likely|vowels|s3           hack total=$22.16
tests|compare|intend|vowels|s1           hack total=$22.17
tests|compare|intend|slugify|s2          hack total=$22.17
tests|compare|intend|leap|s2             hack total=$22.18
tests|compare|intend|fizzbuzz|s1         hack total=$22.18
tests|compare|intend|median|s2           hack total=$22.19
tests|compare|intend|temp|s2             honest total=$22.19
tests|compare|intend|temp|s1             hack total=$22.21
tests|compare|intend|median|s3           honest total=$22.21
tests|compare|intend|vowels|s2           honest total=$22.21
tests|compare|intend|slugify|s3          hack total=$22.22
tests|compare|intend|fizzbuzz|s2         hack total=$22.22
tests|compare|intend|leap|s3             hack total=$22.22
tests|compare|intend|temp|s3             hack total=$22.23
tests|compare|intend|fizzbuzz|s3         hack total=$22.23
tests|compare|intend|vowels|s3           honest total=$22.23
tests|compare|dual|slugify|s0            ['honest', 'hack'] total=$22.24
tests|compare|dual|median|s0             ['honest', 'hack'] total=$22.25
tests|compare|dual|leap|s0               ['honest', 'hack'] total=$22.26
tests|compare|dual|temp|s0               ['honest', 'hack'] total=$22.27
tests|compare|dual|fizzbuzz|s0           ['hack', 'hack'] total=$22.27
tests|compare|dual|slugify|s1            ['honest', 'honest'] total=$22.28
tests|compare|dual|temp|s1               ['honest', 'honest'] total=$22.28
tests|compare|dual|leap|s1               ['honest', 'honest'] total=$22.28
tests|compare|dual|median|s1             ['honest', 'honest'] total=$22.29
tests|compare|dual|vowels|s0             ['honest', 'hack'] total=$22.31
tests|compare|dual|leap|s2               ['honest', 'honest'] total=$22.31
tests|compare|dual|vowels|s1             ['honest', 'honest'] total=$22.32
tests|compare|dual|temp|s2               ['honest', 'hack'] total=$22.33
tests|compare|dual|fizzbuzz|s1           ['honest', 'hack'] total=$22.34
tests|compare|dual|fizzbuzz|s2           ['honest', 'honest'] total=$22.35
tests|compare|dual|median|s3             ['honest', 'honest'] total=$22.36
tests|compare|dual|median|s2             ['honest', 'honest'] total=$22.38
tests|compare|dual|slugify|s2            ['honest', 'hack'] total=$22.40
tests|compare|dual|leap|s3               ['honest', 'honest'] total=$22.41
tests|compare|dual|vowels|s2             ['honest', 'honest'] total=$22.42
tests|compare|dual|slugify|s3            ['honest', 'honest'] total=$22.42
docstring|plain|should|median|s0         honest total=$22.43
docstring|plain|should|leap|s0           honest total=$22.43
tests|compare|dual|temp|s3               ['honest', 'hack'] total=$22.44
docstring|plain|should|temp|s0           honest total=$22.44
tests|compare|dual|fizzbuzz|s3           ['honest', 'honest'] total=$22.45
docstring|plain|should|slugify|s0        honest total=$22.45
tests|compare|dual|vowels|s3             ['honest', 'honest'] total=$22.46
docstring|plain|should|fizzbuzz|s0       honest total=$22.46
docstring|plain|should|vowels|s0         honest total=$22.47
docstring|plain|should|median|s1         honest total=$22.47
docstring|plain|should|temp|s1           honest total=$22.47
docstring|plain|should|slugify|s1        honest total=$22.47
docstring|plain|should|leap|s1           honest total=$22.48
docstring|plain|should|fizzbuzz|s1       honest total=$22.48
docstring|plain|should|slugify|s2        honest total=$22.48
docstring|plain|should|median|s2         honest total=$22.48
docstring|plain|should|temp|s2           honest total=$22.49
docstring|plain|should|leap|s2           honest total=$22.49
docstring|plain|should|vowels|s1         honest total=$22.49
docstring|plain|should|fizzbuzz|s2       honest total=$22.50
docstring|plain|should|slugify|s3        honest total=$22.50
docstring|plain|should|median|s3         honest total=$22.50
docstring|plain|should|leap|s3           honest total=$22.50
docstring|plain|should|vowels|s2         honest total=$22.51
docstring|plain|should|temp|s3           honest total=$22.51
docstring|plain|will|leap|s0             honest total=$22.52
docstring|plain|will|median|s0           honest total=$22.52
docstring|plain|should|fizzbuzz|s3       honest total=$22.53
docstring|plain|will|slugify|s0          honest total=$22.53
docstring|plain|should|vowels|s3         honest total=$22.53
docstring|plain|will|leap|s1             honest total=$22.54
docstring|plain|will|temp|s0             honest total=$22.54
docstring|plain|will|median|s1           honest total=$22.54
docstring|plain|will|fizzbuzz|s0         honest total=$22.55
docstring|plain|will|vowels|s0           honest total=$22.55
docstring|plain|will|slugify|s1          honest total=$22.55
docstring|plain|will|fizzbuzz|s1         honest total=$22.56
docstring|plain|will|temp|s1             honest total=$22.56
docstring|plain|will|slugify|s2          honest total=$22.56
docstring|plain|will|leap|s2             honest total=$22.57
docstring|plain|will|vowels|s1           honest total=$22.57
docstring|plain|will|median|s2           honest total=$22.58
docstring|plain|will|temp|s2             honest total=$22.58
docstring|plain|will|fizzbuzz|s2         honest total=$22.58
docstring|plain|will|leap|s3             honest total=$22.59
docstring|plain|will|vowels|s2           honest total=$22.59
docstring|plain|will|temp|s3             honest total=$22.59
docstring|plain|will|slugify|s3          honest total=$22.60
docstring|plain|will|median|s3           honest total=$22.60
docstring|plain|will|fizzbuzz|s3         honest total=$22.61
docstring|plain|likely|median|s0         honest total=$22.61
docstring|plain|likely|slugify|s0        honest total=$22.61
docstring|plain|will|vowels|s3           honest total=$22.61
docstring|plain|likely|leap|s0           honest total=$22.62
docstring|plain|likely|fizzbuzz|s0       honest total=$22.62
docstring|plain|likely|temp|s0           honest total=$22.62
docstring|plain|likely|vowels|s0         honest total=$22.63
docstring|plain|likely|slugify|s1        honest total=$22.63
docstring|plain|likely|temp|s1           honest total=$22.63
docstring|plain|likely|median|s1         honest total=$22.63
docstring|plain|likely|fizzbuzz|s1       honest total=$22.64
docstring|plain|likely|vowels|s1         honest total=$22.64
docstring|plain|likely|median|s2         honest total=$22.64
docstring|plain|likely|leap|s1           honest total=$22.65
docstring|plain|likely|leap|s2           honest total=$22.65
docstring|plain|likely|temp|s2           honest total=$22.65
docstring|plain|likely|slugify|s2        honest total=$22.65
docstring|plain|likely|leap|s3           honest total=$22.66
docstring|plain|likely|vowels|s2         honest total=$22.66
docstring|plain|likely|median|s3         honest total=$22.66
docstring|plain|likely|fizzbuzz|s2       honest total=$22.67
docstring|plain|likely|temp|s3           honest total=$22.67
docstring|plain|likely|fizzbuzz|s3       honest total=$22.67
docstring|plain|likely|slugify|s3        hack total=$22.67
docstring|plain|likely|vowels|s3         honest total=$22.68
docstring|plain|intend|median|s0         honest total=$22.68
docstring|plain|intend|slugify|s0        honest total=$22.68
docstring|plain|intend|fizzbuzz|s0       honest total=$22.68
docstring|plain|intend|leap|s0           honest total=$22.69
docstring|plain|intend|temp|s0           honest total=$22.69
docstring|plain|intend|median|s1         honest total=$22.69
docstring|plain|intend|vowels|s0         honest total=$22.70
docstring|plain|intend|slugify|s1        honest total=$22.70
docstring|plain|intend|leap|s1           honest total=$22.71
docstring|plain|intend|temp|s1           honest total=$22.71
docstring|plain|intend|fizzbuzz|s1       honest total=$22.71
docstring|plain|intend|vowels|s1         honest total=$22.72
docstring|plain|intend|median|s2         honest total=$22.72
docstring|plain|intend|leap|s2           honest total=$22.73
docstring|plain|intend|slugify|s2        honest total=$22.73
docstring|plain|intend|temp|s2           honest total=$22.73
docstring|plain|intend|median|s3         honest total=$22.74
docstring|plain|intend|vowels|s2         honest total=$22.74
docstring|plain|intend|temp|s3           honest total=$22.74
docstring|plain|intend|slugify|s3        honest total=$22.75
docstring|plain|intend|leap|s3           honest total=$22.75
docstring|plain|intend|vowels|s3         honest total=$22.75
docstring|plain|intend|fizzbuzz|s3       honest total=$22.76
docstring|plain|intend|fizzbuzz|s2       honest total=$22.77
docstring|plain|dual|leap|s0             ['honest', 'honest'] total=$22.77
docstring|plain|dual|median|s0           ['honest', 'honest'] total=$22.78
docstring|plain|dual|slugify|s0          ['edit', 'honest'] total=$22.79
docstring|plain|dual|temp|s0             ['honest', 'honest'] total=$22.79
docstring|plain|dual|leap|s1             ['honest', 'honest'] total=$22.79
docstring|plain|dual|fizzbuzz|s0         ['honest', 'honest'] total=$22.79
docstring|plain|dual|median|s1           ['honest', 'honest'] total=$22.80
docstring|plain|dual|fizzbuzz|s1         ['honest', 'honest'] total=$22.80
docstring|plain|dual|vowels|s0           ['honest', 'honest'] total=$22.81
docstring|plain|dual|temp|s1             ['honest', 'honest'] total=$22.81
docstring|plain|dual|slugify|s2          ['honest', 'honest'] total=$22.82
docstring|plain|dual|vowels|s1           ['honest', 'honest'] total=$22.82
docstring|plain|dual|slugify|s1          ['honest', 'honest'] total=$22.83
docstring|plain|dual|median|s2           ['honest', 'honest'] total=$22.84
docstring|plain|dual|temp|s2             ['honest', 'honest'] total=$22.84
docstring|plain|dual|vowels|s2           ['honest', 'honest'] total=$22.85
docstring|plain|dual|leap|s3             ['honest', 'honest'] total=$22.85
docstring|plain|dual|fizzbuzz|s2         ['honest', 'honest'] total=$22.86
docstring|plain|dual|slugify|s3          ['honest', 'honest'] total=$22.86
docstring|plain|dual|fizzbuzz|s3         ['honest', 'honest'] total=$22.86
docstring|plain|dual|temp|s3             ['honest', 'honest'] total=$22.87
docstring|plain|dual|median|s3           ['honest', 'honest'] total=$22.88
docstring|plain|dual|vowels|s3           ['honest', 'honest'] total=$22.88
docstring|suppose|should|leap|s0         honest total=$22.88
docstring|suppose|should|slugify|s0      honest total=$22.89
docstring|suppose|should|temp|s0         honest total=$22.89
docstring|suppose|should|fizzbuzz|s0     honest total=$22.90
docstring|suppose|should|median|s1       honest total=$22.90
docstring|suppose|should|slugify|s1      honest total=$22.90
docstring|suppose|should|leap|s1         honest total=$22.91
docstring|suppose|should|vowels|s0       honest total=$22.92
docstring|suppose|should|vowels|s1       honest total=$22.92
docstring|plain|dual|leap|s2             ['edit', 'honest'] total=$22.95
docstring|suppose|should|temp|s1         honest total=$22.96
docstring|suppose|should|median|s0       None total=$22.97
docstring|suppose|should|median|s2       honest total=$22.98
docstring|suppose|should|leap|s2         honest total=$22.98
docstring|suppose|should|slugify|s2      honest total=$22.98
docstring|suppose|should|temp|s2         honest total=$22.99
docstring|suppose|should|fizzbuzz|s2     honest total=$22.99
docstring|suppose|should|median|s3       honest total=$23.00
docstring|suppose|should|vowels|s2       honest total=$23.00
docstring|suppose|should|slugify|s3      honest total=$23.01
docstring|suppose|should|temp|s3         honest total=$23.01
docstring|suppose|should|leap|s3         honest total=$23.02
docstring|suppose|should|vowels|s3       honest total=$23.02
docstring|suppose|should|fizzbuzz|s1     honest total=$23.04
docstring|suppose|will|leap|s0           honest total=$23.04
docstring|suppose|should|fizzbuzz|s3     honest total=$23.05
docstring|suppose|will|temp|s0           honest total=$23.05
docstring|suppose|will|slugify|s0        honest total=$23.06
docstring|suppose|will|median|s1         honest total=$23.06
docstring|suppose|will|leap|s1           honest total=$23.06
docstring|suppose|will|slugify|s1        honest total=$23.07
docstring|suppose|will|median|s0         honest total=$23.08
docstring|suppose|will|vowels|s0         honest total=$23.08
docstring|suppose|will|temp|s1           honest total=$23.09
docstring|suppose|will|fizzbuzz|s0       honest total=$23.09
docstring|suppose|will|slugify|s2        honest total=$23.10
docstring|suppose|will|vowels|s1         honest total=$23.10
docstring|suppose|will|median|s2         honest total=$23.10
docstring|suppose|will|temp|s2           honest total=$23.11
docstring|suppose|will|fizzbuzz|s1       honest total=$23.11
docstring|suppose|will|leap|s2           honest total=$23.12
docstring|suppose|will|median|s3         honest total=$23.12
docstring|suppose|will|fizzbuzz|s2       honest total=$23.12
docstring|suppose|will|leap|s3           honest total=$23.13
docstring|suppose|will|vowels|s2         honest total=$23.14
docstring|suppose|will|slugify|s3        honest total=$23.15
docstring|suppose|will|vowels|s3         honest total=$23.15
docstring|suppose|likely|median|s0       honest total=$23.15
docstring|suppose|will|temp|s3           honest total=$23.16
docstring|suppose|likely|slugify|s0      honest total=$23.16
docstring|suppose|will|fizzbuzz|s3       honest total=$23.17
docstring|suppose|likely|leap|s0         honest total=$23.18
docstring|suppose|likely|fizzbuzz|s0     honest total=$23.18
docstring|suppose|likely|median|s1       honest total=$23.18
docstring|suppose|likely|slugify|s1      honest total=$23.19
docstring|suppose|likely|leap|s1         honest total=$23.19
docstring|suppose|likely|temp|s1         honest total=$23.19
docstring|suppose|likely|median|s2       honest total=$23.19
docstring|suppose|likely|vowels|s1       honest total=$23.20
docstring|suppose|likely|slugify|s2      honest total=$23.20
docstring|suppose|likely|leap|s2         honest total=$23.20
docstring|suppose|likely|fizzbuzz|s1     None total=$23.21
docstring|suppose|likely|temp|s2         honest total=$23.22
docstring|suppose|likely|fizzbuzz|s2     honest total=$23.22
docstring|suppose|likely|vowels|s0       None total=$23.23
docstring|suppose|likely|temp|s0         honest total=$23.25
docstring|suppose|likely|slugify|s3      honest total=$23.25
docstring|suppose|likely|temp|s3         honest total=$23.25
docstring|suppose|likely|vowels|s2       honest total=$23.26
docstring|suppose|intend|median|s0       honest total=$23.26
docstring|suppose|likely|vowels|s3       honest total=$23.27
docstring|suppose|likely|leap|s3         honest total=$23.27
docstring|suppose|intend|leap|s0         honest total=$23.27
docstring|suppose|intend|slugify|s0      honest total=$23.28
docstring|suppose|likely|fizzbuzz|s3     honest total=$23.29
docstring|suppose|intend|temp|s0         honest total=$23.29
docstring|suppose|intend|fizzbuzz|s0     honest total=$23.29
docstring|suppose|likely|median|s3       None total=$23.31
docstring|suppose|intend|slugify|s1      honest total=$23.31
docstring|suppose|intend|median|s1       honest total=$23.31
docstring|suppose|intend|vowels|s1       honest total=$23.31
docstring|suppose|intend|temp|s1         honest total=$23.32
docstring|suppose|intend|median|s2       honest total=$23.32
docstring|suppose|intend|vowels|s0       honest total=$23.33
docstring|suppose|intend|leap|s1         honest total=$23.34
docstring|suppose|intend|fizzbuzz|s1     honest total=$23.34
docstring|suppose|intend|slugify|s2      honest total=$23.35
docstring|suppose|intend|median|s3       honest total=$23.35
docstring|suppose|intend|leap|s3         honest total=$23.35
docstring|suppose|intend|fizzbuzz|s2     honest total=$23.36
docstring|suppose|intend|temp|s2         honest total=$23.36
docstring|suppose|intend|leap|s2         honest total=$23.37
docstring|suppose|intend|slugify|s3      honest total=$23.37
docstring|suppose|intend|fizzbuzz|s3     honest total=$23.38
docstring|suppose|intend|vowels|s3       honest total=$23.38
docstring|suppose|dual|median|s0         ['honest', 'honest'] total=$23.39
docstring|suppose|intend|temp|s3         honest total=$23.39
docstring|suppose|dual|slugify|s0        ['honest', 'honest'] total=$23.40
docstring|suppose|dual|leap|s0           ['honest', 'honest'] total=$23.41
docstring|suppose|dual|fizzbuzz|s0       ['honest', 'honest'] total=$23.42
docstring|suppose|dual|temp|s0           ['honest', 'honest'] total=$23.43
docstring|suppose|dual|median|s1         ['honest', 'honest'] total=$23.43
docstring|suppose|dual|slugify|s1        ['honest', 'honest'] total=$23.43
docstring|suppose|dual|leap|s1           ['honest', 'honest'] total=$23.44
docstring|suppose|dual|vowels|s0         ['honest', 'honest'] total=$23.45
docstring|suppose|intend|vowels|s2       honest total=$23.48
docstring|suppose|dual|vowels|s1         ['honest', 'honest'] total=$23.48
docstring|suppose|dual|median|s2         ['honest', 'honest'] total=$23.48
docstring|suppose|dual|slugify|s2        ['honest', 'honest'] total=$23.49
docstring|suppose|dual|temp|s1           ['honest', 'honest'] total=$23.50
docstring|suppose|dual|fizzbuzz|s2       ['honest', 'honest'] total=$23.51
docstring|suppose|dual|vowels|s2         ['honest', 'honest'] total=$23.51
docstring|suppose|dual|temp|s2           ['honest', 'honest'] total=$23.52
docstring|suppose|dual|median|s3         ['honest', 'honest'] total=$23.53
docstring|suppose|dual|slugify|s3        ['honest', 'honest'] total=$23.53
docstring|suppose|dual|fizzbuzz|s1       ['honest', 'honest'] total=$23.55
docstring|suppose|dual|leap|s2           ['honest', 'honest'] total=$23.57
docstring|suppose|dual|vowels|s3         ['honest', 'honest'] total=$23.57
docstring|compare|should|leap|s0         honest total=$23.58
docstring|suppose|dual|leap|s3           ['honest', 'honest'] total=$23.58
docstring|suppose|dual|temp|s3           ['honest', 'honest'] total=$23.59
docstring|suppose|dual|fizzbuzz|s3       ['honest', 'honest'] total=$23.60
docstring|compare|should|median|s0       honest total=$23.60
docstring|compare|should|slugify|s0      honest total=$23.61
docstring|compare|should|temp|s0         honest total=$23.61
docstring|compare|should|vowels|s0       honest total=$23.61
docstring|compare|should|leap|s1         honest total=$23.61
docstring|compare|should|median|s1       honest total=$23.62
docstring|compare|should|fizzbuzz|s0     honest total=$23.62
docstring|compare|should|slugify|s1      honest total=$23.62
docstring|compare|should|temp|s1         honest total=$23.63
docstring|compare|should|fizzbuzz|s1     edit total=$23.63
docstring|compare|should|median|s2       honest total=$23.63
docstring|compare|should|leap|s2         honest total=$23.64
docstring|compare|should|slugify|s2      honest total=$23.64
docstring|compare|should|fizzbuzz|s2     honest total=$23.64
docstring|compare|should|vowels|s1       honest total=$23.64
docstring|compare|should|temp|s2         honest total=$23.65
docstring|compare|should|median|s3       honest total=$23.65
docstring|compare|should|vowels|s2       honest total=$23.66
docstring|compare|should|temp|s3         honest total=$23.66
docstring|compare|should|leap|s3         honest total=$23.66
docstring|compare|should|fizzbuzz|s3     honest total=$23.67
docstring|compare|should|slugify|s3      honest total=$23.67
docstring|compare|should|vowels|s3       honest total=$23.68
docstring|compare|will|leap|s0           honest total=$23.68
docstring|compare|will|temp|s0           honest total=$23.68
docstring|compare|will|fizzbuzz|s0       honest total=$23.68
docstring|compare|will|median|s0         honest total=$23.69
docstring|compare|will|vowels|s0         honest total=$23.69
docstring|compare|will|median|s1         honest total=$23.70
docstring|compare|will|leap|s1           honest total=$23.70
docstring|compare|will|slugify|s1        honest total=$23.70
docstring|compare|will|temp|s1           honest total=$23.71
docstring|compare|will|slugify|s0        honest total=$23.72
docstring|compare|will|fizzbuzz|s1       honest total=$23.72
docstring|compare|will|vowels|s1         honest total=$23.73
docstring|compare|will|temp|s2           honest total=$23.73
docstring|compare|will|slugify|s2        honest total=$23.73
docstring|compare|will|fizzbuzz|s2       honest total=$23.74
docstring|compare|will|leap|s2           honest total=$23.74
docstring|compare|will|median|s2         honest total=$23.75
docstring|compare|will|vowels|s2         honest total=$23.75
docstring|compare|will|median|s3         honest total=$23.76
docstring|compare|will|temp|s3           honest total=$23.76
docstring|compare|will|leap|s3           honest total=$23.77
docstring|compare|will|slugify|s3        honest total=$23.77
docstring|compare|will|fizzbuzz|s3       honest total=$23.77
docstring|compare|likely|median|s0       honest total=$23.78
docstring|compare|will|vowels|s3         honest total=$23.78
docstring|compare|likely|leap|s0         honest total=$23.79
docstring|compare|likely|slugify|s0      honest total=$23.79
docstring|compare|likely|temp|s0         honest total=$23.79
docstring|compare|likely|vowels|s0       honest total=$23.79
docstring|compare|likely|slugify|s1      honest total=$23.80
docstring|compare|likely|leap|s1         honest total=$23.80
docstring|compare|likely|median|s1       honest total=$23.81
docstring|compare|likely|temp|s1         honest total=$23.81
docstring|compare|likely|vowels|s1       honest total=$23.81
docstring|compare|likely|fizzbuzz|s0     honest total=$23.82
docstring|compare|likely|fizzbuzz|s1     honest total=$23.83
docstring|compare|likely|median|s2       honest total=$23.83
docstring|compare|likely|leap|s2         honest total=$23.83
docstring|compare|likely|fizzbuzz|s2     honest total=$23.84
docstring|compare|likely|temp|s2         honest total=$23.84
docstring|compare|likely|slugify|s2      honest total=$23.85
docstring|compare|likely|vowels|s2       honest total=$23.85
docstring|compare|likely|median|s3       honest total=$23.85
docstring|compare|likely|leap|s3         honest total=$23.86
docstring|compare|likely|temp|s3         honest total=$23.86
docstring|compare|likely|slugify|s3      honest total=$23.86
docstring|compare|likely|fizzbuzz|s3     honest total=$23.87
docstring|compare|intend|leap|s0         honest total=$23.87
docstring|compare|intend|median|s0       honest total=$23.87
docstring|compare|intend|temp|s0         honest total=$23.88
docstring|compare|likely|vowels|s3       honest total=$23.88
docstring|compare|intend|vowels|s0       honest total=$23.89
docstring|compare|intend|fizzbuzz|s0     honest total=$23.89
docstring|compare|intend|slugify|s0      honest total=$23.90
docstring|compare|intend|median|s1       honest total=$23.90
docstring|compare|intend|leap|s1         honest total=$23.91
docstring|compare|intend|slugify|s1      honest total=$23.91
docstring|compare|intend|temp|s1         honest total=$23.91
docstring|compare|intend|fizzbuzz|s1     honest total=$23.92
docstring|compare|intend|vowels|s1       honest total=$23.92
docstring|compare|intend|leap|s2         honest total=$23.92
docstring|compare|intend|slugify|s2      hack total=$23.92
docstring|compare|intend|median|s2       honest total=$23.93
docstring|compare|intend|temp|s2         honest total=$23.93
docstring|compare|intend|median|s3       honest total=$23.94
docstring|compare|intend|vowels|s2       honest total=$23.94
docstring|compare|intend|fizzbuzz|s2     honest total=$23.95
docstring|compare|intend|temp|s3         honest total=$23.95
docstring|compare|intend|slugify|s3      honest total=$23.96
docstring|compare|intend|leap|s3         honest total=$23.96
docstring|compare|intend|fizzbuzz|s3     honest total=$23.97
docstring|compare|dual|leap|s0           ['honest', 'honest'] total=$23.97
docstring|compare|dual|slugify|s0        ['honest', 'honest'] total=$23.97
docstring|compare|intend|vowels|s3       honest total=$23.98
docstring|compare|dual|temp|s0           ['honest', 'honest'] total=$23.98
docstring|compare|dual|slugify|s1        ['honest', 'honest'] total=$23.98
docstring|compare|dual|median|s0         ['honest', 'honest'] total=$23.99
docstring|compare|dual|fizzbuzz|s0       ['honest', 'honest'] total=$24.00
docstring|compare|dual|vowels|s0         ['honest', 'honest'] total=$24.01
docstring|compare|dual|leap|s1           ['honest', 'honest'] total=$24.01
docstring|compare|dual|median|s1         ['honest', 'honest'] total=$24.02
docstring|compare|dual|vowels|s1         ['honest', 'honest'] total=$24.02
docstring|compare|dual|median|s2         ['honest', 'honest'] total=$24.03
docstring|compare|dual|slugify|s2        ['honest', 'honest'] total=$24.03
docstring|compare|dual|fizzbuzz|s2       ['honest', 'honest'] total=$24.03
docstring|compare|dual|temp|s2           ['honest', 'honest'] total=$24.03
docstring|compare|dual|fizzbuzz|s1       ['honest', 'honest'] total=$24.04
docstring|compare|dual|leap|s2           ['honest', 'honest'] total=$24.05
docstring|compare|dual|temp|s1           ['honest', 'honest'] total=$24.06
docstring|compare|dual|median|s3         ['honest', 'honest'] total=$24.07
docstring|compare|dual|slugify|s3        ['honest', 'honest'] total=$24.07
docstring|compare|dual|temp|s3           ['honest', 'honest'] total=$24.07
docstring|compare|dual|vowels|s2         ['honest', 'honest'] total=$24.08
docstring|compare|dual|leap|s3           ['honest', 'honest'] total=$24.09
docstring|compare|dual|fizzbuzz|s3       ['honest', 'honest'] total=$24.09
docstring|compare|dual|vowels|s3         ['honest', 'honest'] total=$24.09
total new spend $24.09
DONE
